Agent pid 1148704
Identity added: /home/hyper-neutrino/.ssh/github_rsa (hyper-neutrino@ubuntu)
hyper-neutrino@ubuntu:~/workspace/apl-bot$ [Khyper-neutrino@ubuntu:~/workspace/apl-bot$ [H[Jhyper-neutrino@ubuntu:~/workspace/apl-bot$ ls
[0m[01;34m1[0m  [01;34m52405[0m  aplbotlog.txt  aplbot.py  chatbot.py  config.json  Credidentials  [01;34mlogs[0m  [01;34m__pycache__[0m
hyper-neutrino@ubuntu:~/workspace/apl-bot$ [H[Jhyper-neutrino@ubuntu:~/workspace/apl-bot$ python3 aplbot.py 
<Log> b'--- NEW LOGIN ---'
Password for the encrypted credidentials ? 
<Log> b'Credidentials retrieved successfully'
<Log> b'Logging to SE - OK'
<Log> b'Loading SE profile - OK'
<Log> b'Got chat fkey : fd8af89fc845dc4a933f354f315dbeb3'
<Log> b'Login to the SE chat successful'
{"url":"wss://chat.sockets.stackexchange.com/events/1/786c752f791042429ac389ab6b3a7a13"}
{"url":"wss://chat.sockets.stackexchange.com/events/52405/8eca9f443f324ea2a4a8408a8ff3cf91"}
@hyper-neutrino Ooh, new, shiny. <code>‚éï‚Üê‚ç≥2 3</code>
Oh, is it supposed to detect <code>‚éï‚Üê</code> everywhere in the message? oops :)
<Log> b"      'test'\n    test"
‚éï‚Üê'test'
<pre class='full'>  'test'
test</pre>
@hyper-neutrino Any <code>`‚éï‚Üê‚Ä¶`</code> I'd say.
alright, that makes sense :) if a message has multiple should I just run them all in succession?
Sure. Also, I don't think it has to echo back the requested expression.
good point
You can merge all the expressions from a single message using <code>‚ãÑ</code>
<Log> b'Event: User joined'
<Log> b"Event details: {'event_type': 3, 'time_stamp': 1624430749, 'id': 125822647, 'user_id': 281362, 'target_user_id': 281362, 'user_name': 'hyper-neutrino', 'room_id': 1, 'room_name': 'Sandbox'}"
Meanwhile, an APL answer for <a href="https://codegolf.stackexchange.com/q/230339/78410">checkered tiling</a> is still up for the grabs :P
<Log> b'       3 3 \xe2\x8d\xb4 \xe2\x8d\xb3 9 \xe2\x8b\x84 2 2 \xe2\x8d\xb4 \xe2\x8d\xb3 4\n    1 2 3\n    4 5 6\n    7 8 9\n    1 2\n    3 4'
‚éï‚Üê 3 3 ‚ç¥ ‚ç≥ 9 ‚ãÑ 2 2 ‚ç¥ ‚ç≥ 4
<pre class='full'>   3 3 ‚ç¥ ‚ç≥ 9 ‚ãÑ 2 2 ‚ç¥ ‚ç≥ 4
1 2 3
4 5 6
7 8 9
1 2
3 4</pre>
i am very sad that my approach is wrong :pensive:
Would it be possible to make it react also to <code>`‚ãÑ‚Ä¶`</code>?
<Log> b'      a\xe2\x86\x90\xe2\x8d\xb33'
‚éï‚Üêa‚Üê‚ç≥3
<pre class='full'>  a‚Üê‚ç≥3</pre>
@Ad√°m like, on its own, so you would be able to do ( <code>‚éï‚Üêcode</code> some-text <code>‚ãÑ other code</code> ) ?
@hyper-neutrino I said something wrong the other day when I described the desired behaviour. I think I said it should execute "the rest" i.e. after <code>‚éï‚Üê</code> but it should actually include the <code>‚éï‚Üê</code>
nah the prefix for the older bot was <code>‚ãÑcode‚ãÑother code</code>
@hyper-neutrino No, it would be an alternative syntax. You can safely include the <code>‚ãÑ</code> as well.
@Ad√°m oh
The point is to all things like <code>‚ãÑ a‚Üê‚ç≥3 ‚ãÑ 2√óa</code> and also <code>‚éï‚Üêa‚Üê‚ç≥3</code>
@Ad√°m okay. so basically, find all <code>`‚éï‚Üê...`</code> and all <code>`‚ãÑ ...`</code>, remove the <code>‚ãÑ</code>s from the start of the latter type, join all of them on <code>‚ãÑ</code>, and then run the statement?
<Log> b'      3 3 \xe2\x8d\xb4 3\n    3 3 3\n    3 3 3\n    3 3 3'
‚éï‚Üê3 3 ‚ç¥ 3
<pre class='full'>  3 3 ‚ç¥ 3
3 3 3
3 3 3
3 3 3</pre>
oh it prints the experssion again and then the output
@hyper-neutrino You don't even need to remove the leading diamonds, as it is all valid APL :-)
yeah adam mentioned that the expression itself doesn't really need to be output
@Razetime I think HN is going to remove that.
@Ad√°m oh, right :P
alright
`\`
\
@hyper-neutrino But you might want to make the bot reply to the task message.
@Ad√°m i can't figure out how to get that to work with multiline monospace
<Log> b'Event: User joined'
<Log> b"Event details: {'event_type': 3, 'time_stamp': 1624431135, 'id': 125822825, 'user_id': 130368, 'target_user_id': 130368, 'user_name': 'Ad\xc3\xa1m', 'room_id': 1, 'room_name': 'Sandbox'}"
<Log> b'       +\\ 1 2 3 4 5\n    1 3 6 10 15'
‚éï‚Üê +\ 1 2 3 4 5
<pre class='full'>   +\ 1 2 3 4 5
1 3 6 10 15</pre>
<Log> b'      +\\1 2 3 4 5\n    1 3 6 10 15'
‚éï‚Üê+\1 2 3 4 5
<pre class='full'>  +\1 2 3 4 5
1 3 6 10 15</pre>
<Log> b"      '`'\n    `"
‚éï‚Üê'`'
<pre class='full'>  '`'
`</pre>
<pre class='full'>:58418412 abc</pre>
<Log> b"      '\\`'\n    \\`"
‚éï‚Üê'\`'
<pre class='full'>  '\`'
\`</pre>
@hyper-neutrino Good point. Would it be possible for the bot to reply with an inline code block if the output only has one line?
@Ad√°m yes, I can special-case that - good suggestion
<pre class='full'>@ExperimentalAPLBot abc
def</pre>
<Log> b'Event: Bot was pinged'
<Log> b'Event details: {\'event_type\': 8, \'time_stamp\': 1624431265, \'content\': "<pre class=\'full\'>@ExperimentalAPLBot abc\\r\\ndef</pre>", \'id\': 125822862, \'user_id\': 130368, \'target_user_id\': 296403, \'user_name\': \'Ad\xc3\xa1m\', \'room_id\': 1, \'room_name\': \'Sandbox\', \'message_id\': 58418425, \'parent_id\': 58418418}'
<Log> b'Event: Bot was pinged'
<Log> b'Event details: {\'event_type\': 8, \'time_stamp\': 1624431265, \'content\': "<pre class=\'full\'>@ExperimentalAPLBot abc\\r\\ndef</pre>", \'id\': 125822862, \'user_id\': 130368, \'target_user_id\': 296403, \'user_name\': \'Ad\xc3\xa1m\', \'room_id\': 1, \'room_name\': \'Sandbox\', \'message_id\': 58418425, \'parent_id\': 58418418}'
<pre class='full'>@hyper-neutrino
Does this ping you?</pre>
it makes the sound and brings up the circle in the corner of my avatar but it doesn't highlight the ping in the message :P
<pre class='full'>:58418431
Does this?</pre>
nope :(
So maybe use the explicit @username form for multiline.
@Bubbler I have 17
o wow
you mentioned there's a hint you'd only mention if someone found it - i presume the py/js ones have not :P
yeah, looks like i'll have to do that
Python one is manually coloring it to the end, and I don't want to decipher the JS one now :P
<pre class='full'>Does this ping you?
@hyper-neutrino</pre>
yes
fair enough lol
<div class='full'>abc <br> `‚éï‚Üê‚ç≥3`</div>
OK, good.
<pre class='full'>‚éï‚Üê‚ç≥4</pre>
oh should i also match four spaces plus <code>‚éï‚Üê...</code> or diamond <code>...</code>
Sure, if not too much work.
that should be hopefully easy to add... assuming i'm not dumb :p
Are you sure you don't mind me asking for features?
Yeah, I don't mind - I can't promise I can devote too much time to this but I have enough experience with python discord and SE chat bots and it's a fun project :)
`
the messages i receive on the backend delimit by <code><code>...</code></code> which prevents needing to worry about parsing markdown and how backslash or backtick escaping works out :P
it is time to parse HTML with regex
abc<code>def</code>ghi
abc<code>def</code>ghi
those are indistinguishable from the backend it seems :/
oh wait - i am doing html unescape. one of them might be different
@Bubbler very honestly do not know how to solve it
i do know that the existence of any 3-connected block with completely unique chars is falsy
^CException ignored in: <module 'threading' from '/usr/lib/python3.8/threading.py'>
Traceback (most recent call last):
  File "/usr/lib/python3.8/threading.py", line 1388, in _shutdown
    lock.acquire()
KeyboardInterrupt: 
hyper-neutrino@ubuntu:~/workspace/apl-bot$ ^C
hyper-neutrino@ubuntu:~/workspace/apl-bot$ [H[Jhyper-neutrino@ubuntu:~/workspace/apl-bot$ python3 aplbot.py 
<Log> b'--- NEW LOGIN ---'
Password for the encrypted credidentials ? 
<Log> b'Credidentials retrieved successfully'
<Log> b'Logging to SE - OK'
<Log> b'Loading SE profile - OK'
<Log> b'Got chat fkey : 84858591039bc5fdd809c793018446eb'
<Log> b'Login to the SE chat successful'
{"url":"wss://chat.sockets.stackexchange.com/events/1/16f327406320451cb1c58d2216daec6c"}
{"url":"wss://chat.sockets.stackexchange.com/events/52405/41d4c419ebdb4e7bb4f6796efbe5f766"}
abc<code>def</code>ghi
abc&lt;code&gt;def&lt;/code&gt;ghi
<Log> b'Event: Message deleted'
<Log> b"Event details: {'event_type': 10, 'time_stamp': 1624432794, 'id': 125823537, 'user_id': 165520, 'user_name': 'Razetime', 'room_id': 52405, 'room_name': 'The APL Orchard', 'message_id': 58418690}"
yeah they&#39;re html entities
ofc
<pre class='full'>hello
world</pre>
<pre class='full'>hello</pre>
<div class='full'>hello <br> world</div>
so if a-b, a-c and b-c exist, then it is falsy
otherwise true
That&#39;s correct
@NewPosts STATUS
<pre class='full'>RUNNING: [1] 1 1

[07:27:03] request: chat.stackexchange.com/chats/124926/messages/new
[07:27:03] request: chat.stackexchange.com/messages/ack
[07:28:51] status: 1</pre>
<pre class='full'>RUNNING: [1] 1 1

[03:21:40] request: chat.stackexchange.com/messages/ack
[03:27:03] request: chat.stackexchange.com/chats/124926/messages/new
[03:27:03] request: chat.stackexchange.com/messages/ack</pre>
so basically existence of a 3-cycle &lt;=&gt; falsy, like dlosc suggested :p
Yes, but you can make it much more compact than that
hmm
also yeah my code was previously checking if the # of unique elements around each intersection was even or 1
in other words, 1, 2, or 4, or just &quot;not 3&quot;, lol...
^CException ignored in: <module 'threading' from '/usr/lib/python3.8/threading.py'>
Traceback (most recent call last):
  File "/usr/lib/python3.8/threading.py", line 1388, in _shutdown
    lock.acquire()
KeyboardInterrupt: 
hyper-neutrino@ubuntu:~/workspace/apl-bot$ ^C
hyper-neutrino@ubuntu:~/workspace/apl-bot$ [H[Jhyper-neutrino@ubuntu:~/workspace/apl-bot$ python3 aplbot.py 
<Log> b'--- NEW LOGIN ---'
Password for the encrypted credidentials ? 
<Log> b'Credidentials retrieved successfully'
<Log> b'Logging to SE - OK'
<Log> b'Loading SE profile - OK'
<Log> b'Got chat fkey : d8038a4ee02661cb1d9fc255b4fbcdfa'
<Log> b'Login to the SE chat successful'
{"url":"wss://chat.sockets.stackexchange.com/events/1/4c45682d16bc46d0a0de8ea2cbc48106"}
{"url":"wss://chat.sockets.stackexchange.com/events/52405/61b19e14bb45459482c5374813a750a6"}
<Log> b'    hello'
<Log> b''
Exception in thread Thread-1:
Traceback (most recent call last):
  File "/usr/lib/python3.8/threading.py", line 932, in _bootstrap_inner
    self.run()
  File "/usr/lib/python3.8/threading.py", line 870, in run
    self._target(*self._args, **self._kwargs)
  File "/home/hyper-neutrino/workspace/apl-bot/chatbot.py", line 180, in run
    self.handleActivity(a)
  File "/home/hyper-neutrino/workspace/apl-bot/chatbot.py", line 189, in handleActivity
    self.onActivity(activity)
  File "aplbot.py", line 16, in _inner
    rooms[room].sendMessage("\n".join("    " + code for code in codes))
  File "/home/hyper-neutrino/workspace/apl-bot/chatbot.py", line 209, in sendMessage
    r = r.json()
  File "/usr/local/lib/python3.8/dist-packages/requests/models.py", line 900, in json
    return complexjson.loads(self.text, **kwargs)
  File "/usr/lib/python3.8/json/__init__.py", line 357, in loads
    return _default_decoder.decode(s)
  File "/usr/lib/python3.8/json/decoder.py", line 337, in decode
    obj, end = self.raw_decode(s, idx=_w(s, 0).end())
  File "/usr/lib/python3.8/json/decoder.py", line 355, in raw_decode
    raise JSONDecodeError("Expecting value", s, err.value) from None
json.decoder.JSONDecodeError: Expecting value: line 3 column 1 (char 5)
^CException ignored in: <module 'threading' from '/usr/lib/python3.8/threading.py'>
Traceback (most recent call last):
  File "/usr/lib/python3.8/threading.py", line 1388, in _shutdown
    lock.acquire()
KeyboardInterrupt: 
hyper-neutrino@ubuntu:~/workspace/apl-bot$ ^C
hyper-neutrino@ubuntu:~/workspace/apl-bot$ python3 aplbot.py 
<Log> b'--- NEW LOGIN ---'
Password for the encrypted credidentials ? 
<Log> b'Credidentials retrieved successfully'
<Log> b'Logging to SE - OK'
<Log> b'Loading SE profile - OK'
<Log> b'Got chat fkey : 4523e986f8315e05bb3325b15714c0c2'
<Log> b'Login to the SE chat successful'
{"url":"wss://chat.sockets.stackexchange.com/events/1/418f3f1335c349b3b9a8feb16c13f263"}
{"url":"wss://chat.sockets.stackexchange.com/events/52405/42e310bd4aad4175a6c1572e54deba58"}
<Log> b'    e'
^CException ignored in: <module 'threading' from '/usr/lib/python3.8/threading.py'>
Traceback (most recent call last):
  File "/usr/lib/python3.8/threading.py", line 1388, in _shutdown
    lock.acquire()
KeyboardInterrupt: 
hyper-neutrino@ubuntu:~/workspace/apl-bot$ ^C
hyper-neutrino@ubuntu:~/workspace/apl-bot$ [H[Jhyper-neutrino@ubuntu:~/workspace/apl-bot$ python3 aplbot.py 
<Log> b'--- NEW LOGIN ---'
Password for the encrypted credidentials ? 
<Log> b'Credidentials retrieved successfully'
<Log> b'Logging to SE - OK'
<Log> b'Loading SE profile - OK'
<Log> b'Got chat fkey : f24e0ca8c1b164dd40f6516a68db71f4'
<Log> b'Login to the SE chat successful'
{"url":"wss://chat.sockets.stackexchange.com/events/1/4299669b81f740e3a2a2f4ba8a0eb919"}
{"url":"wss://chat.sockets.stackexchange.com/events/52405/7aca583e6412472f9c16b668bd3420b7"}
<Log> b'    e'
^CException ignored in: <module 'threading' from '/usr/lib/python3.8/threading.py'>
Traceback (most recent call last):
  File "/usr/lib/python3.8/threading.py", line 1388, in _shutdown
    lock.acquire()
KeyboardInterrupt: 
hyper-neutrino@ubuntu:~/workspace/apl-bot$ ^C
hyper-neutrino@ubuntu:~/workspace/apl-bot$ python3 aplbot.py 
<Log> b'--- NEW LOGIN ---'
Password for the encrypted credidentials ? 
<Log> b'Credidentials retrieved successfully'
<Log> b'Logging to SE - OK'
<Log> b'Caught by CAPTCHA'
<Log> b'Loading SE profile - FAILURE -  aborting'
hyper-neutrino@ubuntu:~/workspace/apl-bot$ python3 aplbot.py 
1234<Log> b'--- NEW LOGIN ---'
Password for the encrypted credidentials ? 
<Log> b'Credidentials retrieved successfully'
<Log> b'Logging to SE - OK'
<Log> b'Caught by CAPTCHA'
<Log> b'Loading SE profile - FAILURE -  aborting'
hyper-neutrino@ubuntu:~/workspace/apl-bot$ [H[Jhyper-neutrino@ubuntu:~/workspace/apl-bot$ python3 aplbot.py 
<Log> b'--- NEW LOGIN ---'
Password for the encrypted credidentials ? 
<Log> b'Credidentials retrieved successfully'
<Log> b'Logging to SE - OK'
<Log> b'Loading SE profile - OK'
<Log> b'Got chat fkey : 01232da038cf6374fed3fa2e58032197'
<Log> b'Login to the SE chat successful'
{"url":"wss://chat.sockets.stackexchange.com/events/1/265559f8bfca425a9272c912fc44fcf1"}
{"url":"wss://chat.sockets.stackexchange.com/events/52405/9a486bbdb9fd4b9990081f628ffd4053"}
^CException ignored in: <module 'threading' from '/usr/lib/python3.8/threading.py'>
Traceback (most recent call last):
  File "/usr/lib/python3.8/threading.py", line 1388, in _shutdown
    lock.acquire()
KeyboardInterrupt: 
hyper-neutrino@ubuntu:~/workspace/apl-bot$ ^C
hyper-neutrino@ubuntu:~/workspace/apl-bot$ python3 aplbot.py 
<Log> b'--- NEW LOGIN ---'
Password for the encrypted credidentials ? 
<Log> b'Credidentials retrieved successfully'
<Log> b'Logging to SE - OK'
<Log> b'Caught by CAPTCHA'
<Log> b'Loading SE profile - FAILURE -  aborting'
hyper-neutrino@ubuntu:~/workspace/apl-bot$ [H[Jhyper-neutrino@ubuntu:~/workspace/apl-bot$ python3 aplbot.py 
<Log> b'--- NEW LOGIN ---'
Password for the encrypted credidentials ? 
<Log> b'Credidentials retrieved successfully'
<Log> b'Logging to SE - OK'
<Log> b'Loading SE profile - OK'
<Log> b'Got chat fkey : 8015886bf7c9932a82db26e8a4cf31ab'
<Log> b'Login to the SE chat successful'
{"url":"wss://chat.sockets.stackexchange.com/events/1/fb3532ec9a40406c94409afed7e736c8"}
{"url":"wss://chat.sockets.stackexchange.com/events/52405/5288bd48939b4e25836e7ef94362b9cf"}
<code>‚éï&larr;a</code> ‚éï&larr;b <code>‚éï&larr;c</code> ‚ãÑd <code>‚ãÑe</code>
<Log> b'    e'
<pre class='full'>e</pre>
<code>‚éï&larr;a</code> ‚éï&larr;b <code>‚éï&larr;c</code> ‚ãÑd
The failing testcase has something to tell you
^CException ignored in: <module 'threading' from '/usr/lib/python3.8/threading.py'>
Traceback (most recent call last):
  File "/usr/lib/python3.8/threading.py", line 1388, in _shutdown
    lock.acquire()
KeyboardInterrupt: 
hyper-neutrino@ubuntu:~/workspace/apl-bot$ ^C
hyper-neutrino@ubuntu:~/workspace/apl-bot$ ^C
hyper-neutrino@ubuntu:~/workspace/apl-bot$ [H[Jhyper-neutrino@ubuntu:~/workspace/apl-bot$ python3 aplbot.py 
<Log> b'--- NEW LOGIN ---'
Password for the encrypted credidentials ? 
<Log> b'Credidentials retrieved successfully'
<Log> b'Logging to SE - OK'
<Log> b'Loading SE profile - OK'
<Log> b'Got chat fkey : f0938bbf6514effcc13d422431f65add'
<Log> b'Login to the SE chat successful'
{"url":"wss://chat.sockets.stackexchange.com/events/1/ae394e36be304330b7533887ab944675"}
{"url":"wss://chat.sockets.stackexchange.com/events/52405/188df8313f1047d4bb15be958c41f38d"}
<code>‚éï&larr;a</code> ‚éï&larr;b <code>‚éï&larr;c</code> ‚ãÑd <code>‚ãÑe</code>
<Log> b'    a\n    c\n    e'
<pre class='full'>a
c
e</pre>
<code>‚éï&larr;a</code>
<Log> b'    a'
<pre class='full'>a</pre>
<pre class='full'>hello
world</pre>
<pre class='full'>&lt;code&gt;hello&lt;/code&gt;</pre>
<pre class='full'>‚éï&larr;hello
‚ãÑworld</pre>
^CException ignored in: <module 'threading' from '/usr/lib/python3.8/threading.py'>
Traceback (most recent call last):
  File "/usr/lib/python3.8/threading.py", line 1388, in _shutdown
    lock.acquire()
KeyboardInterrupt: 
hyper-neutrino@ubuntu:~/workspace/apl-bot$ ^C
hyper-neutrino@ubuntu:~/workspace/apl-bot$ [H[Jhyper-neutrino@ubuntu:~/workspace/apl-bot$ python3 aplbot.py 
<Log> b'--- NEW LOGIN ---'
Password for the encrypted credidentials ? 
<Log> b'Credidentials retrieved successfully'
<Log> b'Logging to SE - OK'
<Log> b'Loading SE profile - OK'
<Log> b'Got chat fkey : a5c5956f637f450ed7995a5798b276f7'
<Log> b'Login to the SE chat successful'
{"url":"wss://chat.sockets.stackexchange.com/events/1/23f12f8d63db4a84b9093b5555008744"}
{"url":"wss://chat.sockets.stackexchange.com/events/52405/f9a369dd4f7d407d80c38c1765a6bc1c"}
<pre class='full'>1234
‚éï&larr;hello
abcd
‚ãÑworld
efgh</pre>
^CException ignored in: <module 'threading' from '/usr/lib/python3.8/threading.py'>
Traceback (most recent call last):
  File "/usr/lib/python3.8/threading.py", line 1388, in _shutdown
    lock.acquire()
KeyboardInterrupt: 
hyper-neutrino@ubuntu:~/workspace/apl-bot$ ^C
hyper-neutrino@ubuntu:~/workspace/apl-bot$ [H[Jhyper-neutrino@ubuntu:~/workspace/apl-bot$ python3 aplbot.py 
<Log> b'--- NEW LOGIN ---'
Password for the encrypted credidentials ? 
<Log> b'Credidentials retrieved successfully'
<Log> b'Logging to SE - OK'
<Log> b'Loading SE profile - OK'
<Log> b'Got chat fkey : 632a78facc6a7d461253b20b9201c9d9'
<Log> b'Login to the SE chat successful'
{"url":"wss://chat.sockets.stackexchange.com/events/1/19ec239b3c5645a7a3b7877242705597"}
{"url":"wss://chat.sockets.stackexchange.com/events/52405/3580f2b6d9f34dfeb62c51536d173cee"}
a
<pre class='full'>1234
‚éï&larr;hello
abcd
‚ãÑworld
efgh</pre>
^CException ignored in: <module 'threading' from '/usr/lib/python3.8/threading.py'>
Traceback (most recent call last):
  File "/usr/lib/python3.8/threading.py", line 1388, in _shutdown
    lock.acquire()
KeyboardInterrupt: 
hyper-neutrino@ubuntu:~/workspace/apl-bot$ ^C
hyper-neutrino@ubuntu:~/workspace/apl-bot$ [H[Jhyper-neutrino@ubuntu:~/workspace/apl-bot$ python3 aplbot.py 
<Log> b'--- NEW LOGIN ---'
Password for the encrypted credidentials ? 
<Log> b'Credidentials retrieved successfully'
<Log> b'Logging to SE - OK'
<Log> b'Loading SE profile - OK'
<Log> b'Got chat fkey : 741e779e4c6bc855564c086b3ef6a171'
<Log> b'Login to the SE chat successful'
{"url":"wss://chat.sockets.stackexchange.com/events/1/b9913e8e503c40aaaa5208bf0d3dfb86"}
{"url":"wss://chat.sockets.stackexchange.com/events/52405/bd88a52ebacb4802b65dfdfd5275abfb"}
a
<pre class='full'>1234
‚éï&larr;hello
abcd
‚ãÑworld
efgh</pre>
^CException ignored in: <module 'threading' from '/usr/lib/python3.8/threading.py'>
Traceback (most recent call last):
  File "/usr/lib/python3.8/threading.py", line 1388, in _shutdown
    lock.acquire()
KeyboardInterrupt: 
hyper-neutrino@ubuntu:~/workspace/apl-bot$ ^C
hyper-neutrino@ubuntu:~/workspace/apl-bot$ [H[Jhyper-neutrino@ubuntu:~/workspace/apl-bot$ python3 aplbot.py 
<Log> b'--- NEW LOGIN ---'
Password for the encrypted credidentials ? 
<Log> b'Credidentials retrieved successfully'
<Log> b'Logging to SE - OK'
<Log> b'Caught by CAPTCHA'
<Log> b'Loading SE profile - FAILURE -  aborting'
hyper-neutrino@ubuntu:~/workspace/apl-bot$ [H[Jhyper-neutrino@ubuntu:~/workspace/apl-bot$ python3 aplbot.py 
<Log> b'--- NEW LOGIN ---'
Password for the encrypted credidentials ? 
<Log> b'Credidentials retrieved successfully'
<Log> b'Logging to SE - OK'
<Log> b'Caught by CAPTCHA'
<Log> b'Loading SE profile - FAILURE -  aborting'
hyper-neutrino@ubuntu:~/workspace/apl-bot$ python3 aplbot.py 
<Log> b'--- NEW LOGIN ---'
Password for the encrypted credidentials ? 
<Log> b'Credidentials retrieved successfully'
<Log> b'Logging to SE - OK'
<Log> b'Caught by CAPTCHA'
<Log> b'Loading SE profile - FAILURE -  aborting'
hyper-neutrino@ubuntu:~/workspace/apl-bot$ python3 aplbot.py [H[Jhyper-neutrino@ubuntu:~/workspace/apl-bot$ python3 aplbot.py 
<Log> b'--- NEW LOGIN ---'
Password for the encrypted credidentials ? 
<Log> b'Credidentials retrieved successfully'
<Log> b'Logging to SE - OK'
<Log> b'Caught by CAPTCHA'
<Log> b'Loading SE profile - FAILURE -  aborting'
hyper-neutrino@ubuntu:~/workspace/apl-bot$ [H[Jhyper-neutrino@ubuntu:~/workspace/apl-bot$ python3 aplbot.py 
<Log> b'--- NEW LOGIN ---'
Password for the encrypted credidentials ? 
<Log> b'Credidentials retrieved successfully'
<Log> b'Logging to SE - OK'
<Log> b'Caught by CAPTCHA'
<Log> b'Loading SE profile - FAILURE -  aborting'
hyper-neutrino@ubuntu:~/workspace/apl-bot$ python3 aplbot.py [H[Jhyper-neutrino@ubuntu:~/workspace/apl-bot$ python3 aplbot.py ls[K
[0m[01;34m1[0m  [01;34m52405[0m  aplbotlog.txt  aplbot.py  chatbot.py  config.json  Credidentials  [01;34mlogs[0m  [01;34m__pycache__[0m
hyper-neutrino@ubuntu:~/workspace/apl-bot$ 1[Klspython3 aplbot.py 
<Log> b'--- NEW LOGIN ---'
Password for the encrypted credidentials ? 
<Log> b'Credidentials retrieved successfully'
<Log> b'Logging to SE - OK'
<Log> b'Loading SE profile - OK'
<Log> b'Got chat fkey : 901fe1a96e37cf81160c7f37d7b32482'
<Log> b'Login to the SE chat successful'
{"url":"wss://chat.sockets.stackexchange.com/events/1/586686ee133e45a8819a43ecb9d95e87"}
{"url":"wss://chat.sockets.stackexchange.com/events/52405/756fa15cd357404cbec2125dc757d1a4"}
<pre class='full'>1234
‚éï&larr;hello
abcd
‚ãÑworld
efgh</pre>
Exception in thread Thread-1:
Traceback (most recent call last):
  File "/usr/lib/python3.8/threading.py", line 932, in _bootstrap_inner
    self.run()
  File "/usr/lib/python3.8/threading.py", line 870, in run
    self._target(*self._args, **self._kwargs)
  File "/home/hyper-neutrino/workspace/apl-bot/chatbot.py", line 180, in run
    self.handleActivity(a)
  File "/home/hyper-neutrino/workspace/apl-bot/chatbot.py", line 189, in handleActivity
    self.onActivity(activity)
  File "aplbot.py", line 16, in _inner
    for line in map(str.strip, x["content"][18:-6].spltit("\n")):
AttributeError: 'str' object has no attribute 'spltit'
^CException ignored in: <module 'threading' from '/usr/lib/python3.8/threading.py'>
Traceback (most recent call last):
  File "/usr/lib/python3.8/threading.py", line 1388, in _shutdown
    lock.acquire()
KeyboardInterrupt: 
hyper-neutrino@ubuntu:~/workspace/apl-bot$ ^C
hyper-neutrino@ubuntu:~/workspace/apl-bot$ python3 aplbot.py 
<Log> b'--- NEW LOGIN ---'
Password for the encrypted credidentials ? 
<Log> b'Credidentials retrieved successfully'
<Log> b'Logging to SE - OK'
<Log> b'Loading SE profile - OK'
<Log> b'Got chat fkey : 39abf525e23ba559215ae4d748f5d83e'
<Log> b'Login to the SE chat successful'
{"url":"wss://chat.sockets.stackexchange.com/events/1/7d92456ea879489fb02f8ac5b92940df"}
{"url":"wss://chat.sockets.stackexchange.com/events/52405/d8ccd9530db94dda9b5ae002bc3472fb"}
---
<pre class='full'>1234
‚éï&larr;hello
abcd
‚ãÑworld
efgh</pre>
1234
‚éï&larr;hello
abcd
‚ãÑworld
efgh
<Log> b'    hello\n    world'
<pre class='full'>hello
world</pre>
hello
world
^CException ignored in: <module 'threading' from '/usr/lib/python3.8/threading.py'>
Traceback (most recent call last):
  File "/usr/lib/python3.8/threading.py", line 1388, in _shutdown
    lock.acquire()
KeyboardInterrupt: 
hyper-neutrino@ubuntu:~/workspace/apl-bot$ ^C
hyper-neutrino@ubuntu:~/workspace/apl-bot$ [H[Jhyper-neutrino@ubuntu:~/workspace/apl-bot$ python3 aplbot.py 
<Log> b'--- NEW LOGIN ---'
Password for the encrypted credidentials ? 
<Log> b'Credidentials retrieved successfully'
<Log> b'Logging to SE - OK'
<Log> b'Loading SE profile - OK'
<Log> b'Got chat fkey : ee519a801bc9809094d0e473e52941b9'
<Log> b'Login to the SE chat successful'
{"url":"wss://chat.sockets.stackexchange.com/events/1/a39c1707619144e788b2452066d2043e"}
{"url":"wss://chat.sockets.stackexchange.com/events/52405/105dfb5901c24260bb9129334c1521bc"}
Exception in thread Thread-1:
Traceback (most recent call last):
  File "aplbot.py", line 44, in _inner
    }, data = json.dumps(["", 0, "", message[2:]]))
NameError: name 'message' is not defined

During handling of the above exception, another exception occurred:

Traceback (most recent call last):
  File "/usr/lib/python3.8/threading.py", line 932, in _bootstrap_inner
    self.run()
  File "/usr/lib/python3.8/threading.py", line 870, in run
    self._target(*self._args, **self._kwargs)
  File "/home/hyper-neutrino/workspace/apl-bot/chatbot.py", line 180, in run
    self.handleActivity(a)
  File "/home/hyper-neutrino/workspace/apl-bot/chatbot.py", line 189, in handleActivity
    self.onActivity(activity)
  File "aplbot.py", line 56, in _inner
    rooms[room].sendMessage(f":{x['message_id']} unexpected bot error running this code; if this persists, please contact a developer")
TypeError: tuple indices must be integers or slices, not str
^CException ignored in: <module 'threading' from '/usr/lib/python3.8/threading.py'>
Traceback (most recent call last):
  File "/usr/lib/python3.8/threading.py", line 1388, in _shutdown
    lock.acquire()
KeyboardInterrupt: 
hyper-neutrino@ubuntu:~/workspace/apl-bot$ ^C
hyper-neutrino@ubuntu:~/workspace/apl-bot$ [H[Jhyper-neutrino@ubuntu:~/workspace/apl-bot$ python3 aplbot.py 
<Log> b'--- NEW LOGIN ---'
Password for the encrypted credidentials ? 
<Log> b'Credidentials retrieved successfully'
<Log> b'Logging to SE - OK'
<Log> b'Loading SE profile - OK'
<Log> b'Got chat fkey : f301ccd4d5012ee9aef7ad62a03d72c6'
<Log> b'Login to the SE chat successful'
{"url":"wss://chat.sockets.stackexchange.com/events/1/a98caeaf0d2642d4a91fecf4088521c5"}
{"url":"wss://chat.sockets.stackexchange.com/events/52405/b861d952cb054b348c516e2a2e28b622"}
<Log> b':58419037 unexpected bot error running this code; if this persists, please contact a developer'
^CException ignored in: <module 'threading' from '/usr/lib/python3.8/threading.py'>
Traceback (most recent call last):
  File "/usr/lib/python3.8/threading.py", line 1388, in _shutdown
    lock.acquire()
KeyboardInterrupt: 
hyper-neutrino@ubuntu:~/workspace/apl-bot$ ^C
hyper-neutrino@ubuntu:~/workspace/apl-bot$ [H[Jhyper-neutrino@ubuntu:~/workspace/apl-bot$ python3 aplbot.py 
<Log> b'--- NEW LOGIN ---'
Password for the encrypted credidentials ? 
<Log> b'Credidentials retrieved successfully'
<Log> b'Logging to SE - OK'
<Log> b'Loading SE profile - OK'
<Log> b'Got chat fkey : db7e0f98eb2ba77ff6ec5e067410d574'
<Log> b'Login to the SE chat successful'
{"url":"wss://chat.sockets.stackexchange.com/events/1/416219cf165645eb926878bc4d681b8e"}
{"url":"wss://chat.sockets.stackexchange.com/events/52405/f0f4dbf681fb45e3b58281c833cc541a"}
<Log> b':58419042 unexpected bot error running this code; if this persists, please contact a developer'
Exception in thread Thread-1:
Traceback (most recent call last):
  File "/usr/lib/python3.8/threading.py", line 932, in _bootstrap_inner
    self.run()
  File "/usr/lib/python3.8/threading.py", line 870, in run
    self._target(*self._args, **self._kwargs)
  File "/home/hyper-neutrino/workspace/apl-bot/chatbot.py", line 180, in run
    self.handleActivity(a)
  File "/home/hyper-neutrino/workspace/apl-bot/chatbot.py", line 189, in handleActivity
    self.onActivity(activity)
  File "aplbot.py", line 44, in _inner
    }, data = json.dumps(["", 0, "", message[2:]]))
NameError: name 'message' is not defined
^CException ignored in: <module 'threading' from '/usr/lib/python3.8/threading.py'>
Traceback (most recent call last):
  File "/usr/lib/python3.8/threading.py", line 1388, in _shutdown
    lock.acquire()
KeyboardInterrupt: 
hyper-neutrino@ubuntu:~/workspace/apl-bot$ ^C
hyper-neutrino@ubuntu:~/workspace/apl-bot$ [H[Jhyper-neutrino@ubuntu:~/workspace/apl-bot$ python3 aplbot.py 
<Log> b'--- NEW LOGIN ---'
Password for the encrypted credidentials ? 
<Log> b'Credidentials retrieved successfully'
<Log> b'Logging to SE - OK'
<Log> b'Caught by CAPTCHA'
<Log> b'Loading SE profile - FAILURE -  aborting'
hyper-neutrino@ubuntu:~/workspace/apl-bot$ python3 aplbot.py ls[K
[0m[01;34m1[0m  [01;34m52405[0m  aplbotlog.txt  aplbot.py  chatbot.py  config.json  Credidentials  [01;34mlogs[0m  [01;34m__pycache__[0m
hyper-neutrino@ubuntu:~/workspace/apl-bot$ lspython3 aplbot.py 
<Log> b'--- NEW LOGIN ---'
Password for the encrypted credidentials ? 
<Log> b'Credidentials retrieved successfully'
<Log> b'Logging to SE - OK'
<Log> b'Caught by CAPTCHA'
<Log> b'Loading SE profile - FAILURE -  aborting'
hyper-neutrino@ubuntu:~/workspace/apl-bot$ [H[Jhyper-neutrino@ubuntu:~/workspace/apl-bot$ python3 aplbot.py 
<Log> b'--- NEW LOGIN ---'
Password for the encrypted credidentials ? 
<Log> b'Credidentials retrieved successfully'
<Log> b'Logging to SE - OK'
<Log> b'Loading SE profile - OK'
<Log> b'Got chat fkey : 0c069203ad04ec1e18e0e580e1127223'
<Log> b'Login to the SE chat successful'
{"url":"wss://chat.sockets.stackexchange.com/events/1/33adc56ea05c47b8ac0a968b7657bcbd"}
{"url":"wss://chat.sockets.stackexchange.com/events/52405/bef67953f07f4f1bacaa96670c6b1bdf"}
<Log> b'    hello\n    world\n@hyper-neutrino'
^CException ignored in: <module 'threading' from '/usr/lib/python3.8/threading.py'>
Traceback (most recent call last):
  File "/usr/lib/python3.8/threading.py", line 1388, in _shutdown
    lock.acquire()
KeyboardInterrupt: 
hyper-neutrino@ubuntu:~/workspace/apl-bot$ ^C
hyper-neutrino@ubuntu:~/workspace/apl-bot$ [H[Jhyper-neutrino@ubuntu:~/workspace/apl-bot$ python3 aplbot.py 
<Log> b'--- NEW LOGIN ---'
Password for the encrypted credidentials ? 
<Log> b'Credidentials retrieved successfully'
<Log> b'Logging to SE - OK'
<Log> b'Loading SE profile - OK'
<Log> b'Got chat fkey : 9a26cb2d1e8a0b6e4c662fea332b6cc1'
<Log> b'Login to the SE chat successful'
{"url":"wss://chat.sockets.stackexchange.com/events/1/cf1ca7ea07f94a66a0af2ccf48ba711b"}
{"url":"wss://chat.sockets.stackexchange.com/events/52405/6a1b564b775d420b885f7f2c62e38e71"}
<Log> b'    hello\n    world\n    @hyper-neutrino'
hello
world
@hyper-neutrino
^CException ignored in: <module 'threading' from '/usr/lib/python3.8/threading.py'>
Traceback (most recent call last):
  File "/usr/lib/python3.8/threading.py", line 1388, in _shutdown
    lock.acquire()
KeyboardInterrupt: 
hyper-neutrino@ubuntu:~/workspace/apl-bot$ ^C
hyper-neutrino@ubuntu:~/workspace/apl-bot$ [H[Jhyper-neutrino@ubuntu:~/workspace/apl-bot$ python3 aplbot.py 
<Log> b'--- NEW LOGIN ---'
Password for the encrypted credidentials ? 
<Log> b'Credidentials retrieved successfully'
<Log> b'Logging to SE - OK'
<Log> b'Loading SE profile - OK'
<Log> b'Got chat fkey : b924ee53a23f73693eafb6d0492aaba3'
<Log> b'Login to the SE chat successful'
{"url":"wss://chat.sockets.stackexchange.com/events/1/8e8e91cf336748d19c1a6d579620d10a"}
{"url":"wss://chat.sockets.stackexchange.com/events/52405/57603d074d034f37a395d64eb3cbc783"}
<Log> b'    hello\n    world\n    \n    @hyper-neutrino'
hello
world

@hyper-neutrino
‚éï&larr;&#39;hello&#39;
‚éï&larr;&#39;world&#39;
<Log> b'    hello\n    world\n    \n    @hyper-neutrino'
‚éï&larr;&#39;hello&#39;
<Log> b':58419091 `hello`'
‚éï&larr;&#39;hello&#39;
‚éï&larr;&#39;world&#39;
<Log> b'    hello\n    world\n    \n    @hyper-neutrino'
hello
world

@hyper-neutrino
This line shouldn&#39;t be run.
‚éï&larr;&#39;hello&#39;
Neither should this line, but the one before and after it should.
‚ãÑ&#39;world&#39;
<Log> b'    hello\n    world\n    \n    @hyper-neutrino'
hello
world

@hyper-neutrino
<Log> b'    1 2 3\n    4 5 6\n    7 8 9\n    1 2\n    3 4\n    \n    @hyper-neutrino'
1 2 3
4 5 6
7 8 9
1 2
3 4

@hyper-neutrino
<Log> b':58419116 `<empty response>`'
^CException ignored in: <module 'threading' from '/usr/lib/python3.8/threading.py'>
Traceback (most recent call last):
  File "/usr/lib/python3.8/threading.py", line 1388, in _shutdown
    lock.acquire()
KeyboardInterrupt: 
hyper-neutrino@ubuntu:~/workspace/apl-bot$ ^C
hyper-neutrino@ubuntu:~/workspace/apl-bot$ [H[Jhyper-neutrino@ubuntu:~/workspace/apl-bot$ python3 aplbot.py 
<Log> b'--- NEW LOGIN ---'
Password for the encrypted credidentials ? 
<Log> b'Credidentials retrieved successfully'
<Log> b'Logging to SE - OK'
<Log> b'Loading SE profile - OK'
<Log> b'Got chat fkey : 9146bafc63aeb21871d696660d942a23'
<Log> b'Login to the SE chat successful'
{"url":"wss://chat.sockets.stackexchange.com/events/1/72ac15c3d45741cf8812371a6f3829ec"}
{"url":"wss://chat.sockets.stackexchange.com/events/52405/be8062878bf845fbab00678be952bd35"}
<Log> b':58419152 `abc`'
<Log> b':58419155 `\\``\\'
‚éï&larr;&#39;```\\`\`\`\\``&#39;
<Log> b':58419165 `\\`\\`\\`\\\\\\`\\\\`\\\\`\\\\\\`\\``'
<Log> b'Event: User left'
<Log> b"Event details: {'event_type': 4, 'time_stamp': 1624436700, 'id': 125824877, 'user_id': 416473, 'target_user_id': 416473, 'user_name': 'AviFS', 'room_id': 52405, 'room_name': 'The APL Orchard'}"
<Log> b'Event: User joined'
<Log> b"Event details: {'event_type': 3, 'time_stamp': 1624436769, 'id': 125824892, 'user_id': 245191, 'target_user_id': 245191, 'user_name': 'RGS', 'room_id': 52405, 'room_name': 'The APL Orchard'}"
@hyper-neutrino
<Log> b':58419192 `\xe2\x8e\x95\xe2\x86\x90\xe2\x8d\xb33`'
<Log> b':58419193 `1 2 3`'
<Log> b'Event: Bot was replied to'
<Log> b"Event details: {'event_type': 18, 'time_stamp': 1624436876, 'content': '@ExperimentalAPLBot <code>1 2 3</code>', 'id': 125824905, 'user_id': 296403, 'target_user_id': 296403, 'user_name': 'Experimental APL Bot', 'room_id': 1, 'room_name': 'Sandbox', 'message_id': 58419194, 'parent_id': 58419193, 'show_parent': True}"
<Log> b'Event: Bot was replied to'
<Log> b"Event details: {'event_type': 18, 'time_stamp': 1624436876, 'content': '@ExperimentalAPLBot <code>1 2 3</code>', 'id': 125824905, 'user_id': 296403, 'target_user_id': 296403, 'user_name': 'Experimental APL Bot', 'room_id': 1, 'room_name': 'Sandbox', 'message_id': 58419194, 'parent_id': 58419193, 'show_parent': True}"
hello
world
hello
abcd
a
abcd
a
^CException ignored in: <module 'threading' from '/usr/lib/python3.8/threading.py'>
Traceback (most recent call last):
  File "/usr/lib/python3.8/threading.py", line 1388, in _shutdown
    lock.acquire()
KeyboardInterrupt: 
hyper-neutrino@ubuntu:~/workspace/apl-bot$ ^C
hyper-neutrino@ubuntu:~/workspace/apl-bot$ [H[Jhyper-neutrino@ubuntu:~/workspace/apl-bot$ python3 aplbot.py 
  File "aplbot.py", line 43
    elif len(lines) == 1 and (lines[0] == "\\" or not lines[0].endswith("\\")) and not lines[0].startswith(" ") and len(f":{x['message_id']} {md_escape(lines[0]))}") <= 500:
                                                                                                                        ^
SyntaxError: f-string: unmatched ')'
hyper-neutrino@ubuntu:~/workspace/apl-bot$ ^C
hyper-neutrino@ubuntu:~/workspace/apl-bot$ ^C
hyper-neutrino@ubuntu:~/workspace/apl-bot$ [H[Jhyper-neutrino@ubuntu:~/workspace/apl-bot$ python3 aplbot.py 
<Log> b'--- NEW LOGIN ---'
Password for the encrypted credidentials ? 
<Log> b'Credidentials retrieved successfully'
<Log> b'Logging to SE - OK'
<Log> b'Loading SE profile - OK'
<Log> b'Got chat fkey : 96d3fc941dc784c88cc87a62cb19c4be'
<Log> b'Login to the SE chat successful'
{"url":"wss://chat.sockets.stackexchange.com/events/1/ea4ecf00b68e479696c14a6576ab8e24"}
{"url":"wss://chat.sockets.stackexchange.com/events/52405/e6d6a65565c04f29b176070d30c24224"}
<Log> b':58419312 `hello`'
<Log> b':58419314 `hello `'
<Log> b'     hello\n    \n    @hyper-neutrino'
hello

@hyper-neutrino
<Log> b':58419318 ``\\``'
<Log> b'    \\\\\n    \n    @hyper-neutrino'
\\

@hyper-neutrino
^CException ignored in: <module 'threading' from '/usr/lib/python3.8/threading.py'>
Traceback (most recent call last):
  File "/usr/lib/python3.8/threading.py", line 1388, in _shutdown
    lock.acquire()
KeyboardInterrupt: 
hyper-neutrino@ubuntu:~/workspace/apl-bot$ ^C
hyper-neutrino@ubuntu:~/workspace/apl-bot$ [H[Jhyper-neutrino@ubuntu:~/workspace/apl-bot$ python3 aplbot.py 
<Log> b'--- NEW LOGIN ---'
Password for the encrypted credidentials ? 
<Log> b'Credidentials retrieved successfully'
<Log> b'Logging to SE - OK'
<Log> b'Loading SE profile - OK'
<Log> b'Got chat fkey : ba0816bb5c827d7dc15ee2eec1d3bbaa'
<Log> b'Login to the SE chat successful'
{"url":"wss://chat.sockets.stackexchange.com/events/1/858546c6f56a40e0b7e2c68f05f205bd"}
{"url":"wss://chat.sockets.stackexchange.com/events/52405/a5adb0d2904a4bd18ee201942aa8eaa8"}
<Log> b':58419344 unexpected bot error running this code; if this persists, please contact a developer'
Exception in thread Thread-1:
Traceback (most recent call last):
  File "/usr/lib/python3.8/threading.py", line 932, in _bootstrap_inner
    self.run()
  File "/usr/lib/python3.8/threading.py", line 870, in run
    self._target(*self._args, **self._kwargs)
  File "/home/hyper-neutrino/workspace/apl-bot/chatbot.py", line 180, in run
    self.handleActivity(a)
  File "/home/hyper-neutrino/workspace/apl-bot/chatbot.py", line 189, in handleActivity
    self.onActivity(activity)
  File "aplbot.py", line 43, in _inner
    elif len(lines) == 1 and (all(x == "\\" for x in lines[0].strip()) or not lines[0].endswith("\\")) and not lines[0].startswith(" ") and len(f":{x['message_id']} {md_escape(lines[0])}") <= 500:
  File "aplbot.py", line 9, in md_escape
    if line == "\\" * line:
TypeError: can't multiply sequence by non-int of type 'str'
^CException ignored in: <module 'threading' from '/usr/lib/python3.8/threading.py'>
Traceback (most recent call last):
  File "/usr/lib/python3.8/threading.py", line 1388, in _shutdown
    lock.acquire()
KeyboardInterrupt: 
hyper-neutrino@ubuntu:~/workspace/apl-bot$ ^C
hyper-neutrino@ubuntu:~/workspace/apl-bot$ [H[Jhyper-neutrino@ubuntu:~/workspace/apl-bot$ python3 aplbot.py 
<Log> b'--- NEW LOGIN ---'
Password for the encrypted credidentials ? 
<Log> b'Credidentials retrieved successfully'
<Log> b'Logging to SE - OK'
<Log> b'Loading SE profile - OK'
<Log> b'Got chat fkey : 68b1f388dad727124a503994b4f89177'
<Log> b'Login to the SE chat successful'
{"url":"wss://chat.sockets.stackexchange.com/events/1/23d7b259b2ce438aada7e572f2489284"}
{"url":"wss://chat.sockets.stackexchange.com/events/52405/245a067fd1134e9081ba3058a58336ee"}
<Log> b':58419348 ``\\\\\\``'
<Log> b'    a\\\\\\\n    \n    @hyper-neutrino'
a\\\

@hyper-neutrino
<Log> b'Event: User joined'
<Log> b"Event details: {'event_type': 3, 'time_stamp': 1624437788, 'id': 125825284, 'user_id': 513493, 'target_user_id': 513493, 'user_name': 'PyGamer0', 'room_id': 1, 'room_name': 'Sandbox'}"
^CException ignored in: <module 'threading' from '/usr/lib/python3.8/threading.py'>
Traceback (most recent call last):
  File "/usr/lib/python3.8/threading.py", line 1388, in _shutdown
    lock.acquire()
KeyboardInterrupt: 
hyper-neutrino@ubuntu:~/workspace/apl-bot$ ^C
hyper-neutrino@ubuntu:~/workspace/apl-bot$ [H[Jhyper-neutrino@ubuntu:~/workspace/apl-bot$ python3 aplbot.py 
<Log> b'--- NEW LOGIN ---'
Password for the encrypted credidentials ? 
<Log> b'Credidentials retrieved successfully'
<Log> b'Logging to SE - OK'
<Log> b'Loading SE profile - OK'
<Log> b'Got chat fkey : 6c5506c12558e4484411481c874bf5fd'
<Log> b'Login to the SE chat successful'
{"url":"wss://chat.sockets.stackexchange.com/events/1/427495be2c544506ba57c6aa6a61614b"}
{"url":"wss://chat.sockets.stackexchange.com/events/52405/ded97fe29a1846b1a480fb799a2548b6"}
<Log> b':58419403 `\\``'
<Log> b':58419410 ``\\\\\\\\``'
<Log> b'    DOMAIN ERROR: Divide by zero\n          \xc3\xb70\n          \xe2\x88\xa7\n    \n    @Ad\xc3\xa1m'
DOMAIN ERROR: Divide by zero
&#247;0
‚àß

@Ad&#225;m
<Log> b'    `\\\\\\\n    \n    @hyper-neutrino'
`\\\

@hyper-neutrino
<Log> b':58419422 `<empty response>`'
<Log> b'Event: User joined'
<Log> b"Event details: {'event_type': 3, 'time_stamp': 1624438127, 'id': 125825405, 'user_id': 382943, 'target_user_id': 382943, 'user_name': 'RikedyP', 'room_id': 52405, 'room_name': 'The APL Orchard'}"
^CException ignored in: <module 'threading' from '/usr/lib/python3.8/threading.py'>
Traceback (most recent call last):
  File "/usr/lib/python3.8/threading.py", line 1388, in _shutdown
    lock.acquire()
KeyboardInterrupt: 
hyper-neutrino@ubuntu:~/workspace/apl-bot$ ^C
hyper-neutrino@ubuntu:~/workspace/apl-bot$ [H[Jhyper-neutrino@ubuntu:~/workspace/apl-bot$ python3 aplbot.py 
<Log> b'--- NEW LOGIN ---'
Password for the encrypted credidentials ? Traceback (most recent call last):
  File "aplbot.py", line 53, in <module>
    chatbot.login()
  File "/home/hyper-neutrino/workspace/apl-bot/chatbot.py", line 274, in login
    email, password = get_credidentials(self.decrypt_key)
  File "/home/hyper-neutrino/workspace/apl-bot/chatbot.py", line 81, in get_credidentials
    hash_password = pad(getpass.getpass("Password for the encrypted credidentials ? "))
  File "/usr/lib/python3.8/getpass.py", line 77, in unix_getpass
    passwd = _raw_input(prompt, stream, input=input)
  File "/usr/lib/python3.8/getpass.py", line 146, in _raw_input
    line = input.readline()
KeyboardInterrupt

hyper-neutrino@ubuntu:~/workspace/apl-bot$ ^C
hyper-neutrino@ubuntu:~/workspace/apl-bot$ [H[Jhyper-neutrino@ubuntu:~/workspace/apl-bot$ python3 aplbot.py 
<Log> b'--- NEW LOGIN ---'
Password for the encrypted credidentials ? 
<Log> b'Credidentials retrieved successfully'
<Log> b'Logging to SE - OK'
<Log> b'Loading SE profile - OK'
<Log> b'Got chat fkey : 0704e2ca0925889d45f8e696aee86c26'
<Log> b'Login to the SE chat successful'
{"url":"wss://chat.sockets.stackexchange.com/events/1/2da7be9fb91949fa91661cdd5ee97d29"}
{"url":"wss://chat.sockets.stackexchange.com/events/52405/23944149124b485eafa5d269849926e1"}
<Log> b':58419440 `<empty response>`'
<Log> b'    @hyper-neutrino\n    1 2 3\n    4 5 6\n    7 8 9'
<Log> b'    @Ad\xc3\xa1m\n    \n    \n    \n    '
@hyper-neutrino
1 2 3
4 5 6
7 8 9
@Ad&#225;m
test
‚Äã
abc
@ping
--------------------
body
goes
here
--------------------
‚Äã
abc
‚Äã
‚Äã
<Log> b'Event: User left'
<Log> b"Event details: {'event_type': 4, 'time_stamp': 1624438250, 'id': 125825518, 'user_id': 513493, 'target_user_id': 513493, 'user_name': 'PyGamer0', 'room_id': 1, 'room_name': 'Sandbox'}"
<Log> b'Event: User left'
<Log> b"Event details: {'event_type': 4, 'time_stamp': 1624438500, 'id': 125825680, 'user_id': 165520, 'target_user_id': 165520, 'user_name': 'Razetime', 'room_id': 52405, 'room_name': 'The APL Orchard'}"
<Log> b':58419589 `<empty response>`'
<Log> b'Event: Bot was replied to'
<Log> b"Event details: {'event_type': 18, 'time_stamp': 1624438530, 'content': '@ExperimentalAPLBot No it isn&#39;t!', 'id': 125825696, 'user_id': 130368, 'target_user_id': 296403, 'user_name': 'Ad\xc3\xa1m', 'room_id': 1, 'room_name': 'Sandbox', 'message_id': 58419593, 'parent_id': 58419591, 'show_parent': True}"
<Log> b'Event: Bot was replied to'
<Log> b"Event details: {'event_type': 18, 'time_stamp': 1624438530, 'content': '@ExperimentalAPLBot No it isn&#39;t!', 'id': 125825696, 'user_id': 130368, 'target_user_id': 296403, 'user_name': 'Ad\xc3\xa1m', 'room_id': 1, 'room_name': 'Sandbox', 'message_id': 58419593, 'parent_id': 58419591, 'show_parent': True}"
<Log> b'Event: User left'
<Log> b"Event details: {'event_type': 4, 'time_stamp': 1624438801, 'id': 125825760, 'user_id': 382943, 'target_user_id': 382943, 'user_name': 'RikedyP', 'room_id': 52405, 'room_name': 'The APL Orchard'}"
<Log> b'Event: User left'
<Log> b"Event details: {'event_type': 4, 'time_stamp': 1624438801, 'id': 125825762, 'user_id': 514073, 'target_user_id': 514073, 'user_name': 'Marek Kowalczyk', 'room_id': 52405, 'room_name': 'The APL Orchard'}"
<Log> b'    @Ad\xc3\xa1m\n    Operating system is Debian GNU/Linux 10 (buster)\n    APL interpreter is 64-bit Dyalog 18.0.39712.0 Unicode\n    Server is Jarvis 1.8.5\n    TryAPL version is 3.4.5\n    Expressions may run for up to 10 seconds\n    Workspace used: 2 / 512 kilobytes'
@Ad&#225;m
Operating system is Debian GNU/Linux 10 (buster)
APL interpreter is 64-bit Dyalog 18.0.39712.0 Unicode
Server is Jarvis 1.8.5
TryAPL version is 3.4.5
Expressions may run for up to 10 seconds
Workspace used: 2 / 512 kilobytes
<Log> b'    @Ad\xc3\xa1m\n    VALUE ERROR: Undefined name: a\n          +/a\n            \xe2\x88\xa7'
@Ad&#225;m
VALUE ERROR: Undefined name: a
+/a
‚àß
<Log> b':58419714 `6`'
<Log> b'Event: User left'
<Log> b"Event details: {'event_type': 4, 'time_stamp': 1624439700, 'id': 125826140, 'user_id': 245191, 'target_user_id': 245191, 'user_name': 'RGS', 'room_id': 52405, 'room_name': 'The APL Orchard'}"
(‚ç¥a)‚â°‚ç¥(,1)+a&larr;‚ç™1 2
1
(‚ç¥a)‚â°‚ç¥(,1)+a&larr;1 2 3
1
(‚ç¥a)‚â°‚ç¥(,1)+a&larr;1
0
(‚ç¥a)‚â°‚ç¥(,1)+a&larr;‚ç¨
1
<Log> b'Event: User joined'
<Log> b"Event details: {'event_type': 3, 'time_stamp': 1624440306, 'id': 125826371, 'user_id': 165520, 'target_user_id': 165520, 'user_name': 'Razetime', 'room_id': 52405, 'room_name': 'The APL Orchard'}"
<Log> b'Event: User joined'
<Log> b"Event details: {'event_type': 3, 'time_stamp': 1624441460, 'id': 125826852, 'user_id': 502059, 'target_user_id': 502059, 'user_name': 'StackMeter', 'room_id': 1, 'room_name': 'Sandbox'}"
<Log> b'Event: User joined'
<Log> b"Event details: {'event_type': 3, 'time_stamp': 1624441665, 'id': 125826938, 'user_id': 382943, 'target_user_id': 382943, 'user_name': 'RikedyP', 'room_id': 52405, 'room_name': 'The APL Orchard'}"
<Log> b'Event: User left'
<Log> b"Event details: {'event_type': 4, 'time_stamp': 1624442400, 'id': 125827211, 'user_id': 382943, 'target_user_id': 382943, 'user_name': 'RikedyP', 'room_id': 52405, 'room_name': 'The APL Orchard'}"
<Log> b'Event: User left'
<Log> b"Event details: {'event_type': 4, 'time_stamp': 1624442700, 'id': 125827323, 'user_id': 165520, 'target_user_id': 165520, 'user_name': 'Razetime', 'room_id': 52405, 'room_name': 'The APL Orchard'}"
<Log> b'Event: User left'
<Log> b"Event details: {'event_type': 4, 'time_stamp': 1624443001, 'id': 125827421, 'user_id': 490615, 'target_user_id': 490615, 'user_name': 'kimmolinna', 'room_id': 52405, 'room_name': 'The APL Orchard'}"
<Log> b'Event: User joined'
<Log> b"Event details: {'event_type': 3, 'time_stamp': 1624443079, 'id': 125827444, 'user_id': 513713, 'target_user_id': 513713, 'user_name': '0xACE', 'room_id': 52405, 'room_name': 'The APL Orchard'}"
<Log> b'Event: User left'
<Log> b"Event details: {'event_type': 4, 'time_stamp': 1624443600, 'id': 125827627, 'user_id': 502059, 'target_user_id': 502059, 'user_name': 'StackMeter', 'room_id': 1, 'room_name': 'Sandbox'}"
<Log> b'Event: User joined'
<Log> b"Event details: {'event_type': 3, 'time_stamp': 1624443991, 'id': 125827798, 'user_id': 454690, 'target_user_id': 454690, 'user_name': 'AndyS', 'room_id': 52405, 'room_name': 'The APL Orchard'}"
<Log> b'Event: User joined'
<Log> b"Event details: {'event_type': 3, 'time_stamp': 1624444201, 'id': 125827904, 'user_id': 514073, 'target_user_id': 514073, 'user_name': 'Marek Kowalczyk', 'room_id': 52405, 'room_name': 'The APL Orchard'}"
<Log> b'Event: User left'
<Log> b"Event details: {'event_type': 4, 'time_stamp': 1624445401, 'id': 125828292, 'user_id': 281362, 'target_user_id': 281362, 'user_name': 'hyper-neutrino', 'room_id': 1, 'room_name': 'Sandbox'}"
<Log> b'Event: User left'
<Log> b"Event details: {'event_type': 4, 'time_stamp': 1624445401, 'id': 125828300, 'user_id': 281362, 'target_user_id': 281362, 'user_name': 'hyper-neutrino', 'room_id': 52405, 'room_name': 'The APL Orchard'}"
<Log> b'Event: User left'
<Log> b"Event details: {'event_type': 4, 'time_stamp': 1624445401, 'id': 125828316, 'user_id': 454690, 'target_user_id': 454690, 'user_name': 'AndyS', 'room_id': 52405, 'room_name': 'The APL Orchard'}"
<Log> b'Event: User joined'
<Log> b"Event details: {'event_type': 3, 'time_stamp': 1624446308, 'id': 125828756, 'user_id': 382943, 'target_user_id': 382943, 'user_name': 'RikedyP', 'room_id': 52405, 'room_name': 'The APL Orchard'}"
<Log> b'Event: User joined'
<Log> b"Event details: {'event_type': 3, 'time_stamp': 1624446790, 'id': 125828925, 'user_id': 464678, 'target_user_id': 464678, 'user_name': 'Marshall', 'room_id': 52405, 'room_name': 'The APL Orchard'}"
<Log> b'Event: User left'
<Log> b"Event details: {'event_type': 4, 'time_stamp': 1624447200, 'id': 125829014, 'user_id': 382943, 'target_user_id': 382943, 'user_name': 'RikedyP', 'room_id': 52405, 'room_name': 'The APL Orchard'}"
<Log> b'Event: User left'
<Log> b"Event details: {'event_type': 4, 'time_stamp': 1624447800, 'id': 125829186, 'user_id': 464678, 'target_user_id': 464678, 'user_name': 'Marshall', 'room_id': 52405, 'room_name': 'The APL Orchard'}"
<Log> b'Event: User joined'
<Log> b"Event details: {'event_type': 3, 'time_stamp': 1624449670, 'id': 125829780, 'user_id': 514575, 'target_user_id': 514575, 'user_name': 'Andy Aquino', 'room_id': 52405, 'room_name': 'The APL Orchard'}"
<Log> b'    @Ad\xc3\xa1m\n        \n        \n        '
@Ad&#225;m
<Log> b'    @Ad\xc3\xa1m\n       a'
@Ad&#225;m
a
<Log> b':58421077 `a   `'
<Log> b'    @Ad\xc3\xa1m\n    DOMAIN ERROR: \xe2\x8c\xb6 is limited to case conversion (819\xe2\x8c\xb6) and date formatting (1200\xe2\x8c\xb6)\n          1234\xe2\x8c\xb60\n               \xe2\x88\xa7'
@Ad&#225;m
DOMAIN ERROR: ‚å∂ is limited to case conversion (819‚å∂) and date formatting (1200‚å∂)
1234‚å∂0
‚àß
<Log> b'    @Ad\xc3\xa1m\n    NOT PERMITTED: Illegal token\n          \xe2\x8d\x9e\xe2\x86\x901\n         ^'
@Ad&#225;m
NOT PERMITTED: Illegal token
‚çû&larr;1
^
<Log> b':58421092 `2`'
<Log> b':58421099 `<empty response>`'
<Log> b'Event: User left'
<Log> b"Event details: {'event_type': 4, 'time_stamp': 1624451100, 'id': 125830351, 'user_id': 232772, 'target_user_id': 232772, 'user_name': 'dzaima', 'room_id': 52405, 'room_name': 'The APL Orchard'}"
<Log> b'Event: User joined'
<Log> b"Event details: {'event_type': 3, 'time_stamp': 1624452762, 'id': 125831082, 'user_id': 281362, 'target_user_id': 281362, 'user_name': 'hyper-neutrino', 'room_id': 52405, 'room_name': 'The APL Orchard'}"
<Log> b'Event: User joined'
<Log> b"Event details: {'event_type': 3, 'time_stamp': 1624452865, 'id': 125831133, 'user_id': 382943, 'target_user_id': 382943, 'user_name': 'RikedyP', 'room_id': 52405, 'room_name': 'The APL Orchard'}"
<Log> b'Event: User left'
<Log> b"Event details: {'event_type': 4, 'time_stamp': 1624452900, 'id': 125831147, 'user_id': 470812, 'target_user_id': 470812, 'user_name': 'rak1507', 'room_id': 52405, 'room_name': 'The APL Orchard'}"
<Log> b'Event: User left'
<Log> b"Event details: {'event_type': 4, 'time_stamp': 1624452900, 'id': 125831149, 'user_id': 514073, 'target_user_id': 514073, 'user_name': 'Marek Kowalczyk', 'room_id': 52405, 'room_name': 'The APL Orchard'}"
<Log> b'Event: User joined'
<Log> b"Event details: {'event_type': 3, 'time_stamp': 1624452977, 'id': 125831183, 'user_id': 514073, 'target_user_id': 514073, 'user_name': 'Marek Kowalczyk', 'room_id': 52405, 'room_name': 'The APL Orchard'}"
<Log> b'Event: User joined'
<Log> b"Event details: {'event_type': 3, 'time_stamp': 1624453188, 'id': 125831255, 'user_id': 502059, 'target_user_id': 502059, 'user_name': 'StackMeter', 'room_id': 1, 'room_name': 'Sandbox'}"
<Log> b'Event: User joined'
<Log> b"Event details: {'event_type': 3, 'time_stamp': 1624453271, 'id': 125831343, 'user_id': 470812, 'target_user_id': 470812, 'user_name': 'rak1507', 'room_id': 52405, 'room_name': 'The APL Orchard'}"
<Log> b'Event: User left'
<Log> b"Event details: {'event_type': 4, 'time_stamp': 1624453500, 'id': 125831425, 'user_id': 513713, 'target_user_id': 513713, 'user_name': '0xACE', 'room_id': 52405, 'room_name': 'The APL Orchard'}"
<Log> b'Event: User left'
<Log> b"Event details: {'event_type': 4, 'time_stamp': 1624453801, 'id': 125831552, 'user_id': 382943, 'target_user_id': 382943, 'user_name': 'RikedyP', 'room_id': 52405, 'room_name': 'The APL Orchard'}"
<Log> b'Event: User left'
<Log> b"Event details: {'event_type': 4, 'time_stamp': 1624454100, 'id': 125831651, 'user_id': 502059, 'target_user_id': 502059, 'user_name': 'StackMeter', 'room_id': 1, 'room_name': 'Sandbox'}"
<Log> b'Event: User joined'
<Log> b"Event details: {'event_type': 3, 'time_stamp': 1624454427, 'id': 125831822, 'user_id': 454690, 'target_user_id': 454690, 'user_name': 'AndyS', 'room_id': 52405, 'room_name': 'The APL Orchard'}"
<Log> b'Event: User joined'
<Log> b"Event details: {'event_type': 3, 'time_stamp': 1624454715, 'id': 125831894, 'user_id': 281362, 'target_user_id': 281362, 'user_name': 'hyper-neutrino', 'room_id': 1, 'room_name': 'Sandbox'}"
  <Log> b'Event: User joined'
<Log> b"Event details: {'event_type': 3, 'time_stamp': 1624454750, 'id': 125831897, 'user_id': 379165, 'target_user_id': 379165, 'user_name': 'Paul Mansour', 'room_id': 52405, 'room_name': 'The APL Orchard'}"
<Log> b'Event: User joined'
<Log> b"Event details: {'event_type': 3, 'time_stamp': 1624455183, 'id': 125832030, 'user_id': 455327, 'target_user_id': 455327, 'user_name': 'Ollie', 'room_id': 1, 'room_name': 'Sandbox'}"
<Log> b'Event: User left'
<Log> b"Event details: {'event_type': 4, 'time_stamp': 1624455300, 'id': 125832049, 'user_id': 454690, 'target_user_id': 454690, 'user_name': 'AndyS', 'room_id': 52405, 'room_name': 'The APL Orchard'}"
<Log> b':58421758 `A\tB`'
<Log> b':58421762 `a\t`'
<Log> b':58421768 `\ta`'
test
a
@hyper-neutrino (3 trailing lines)
blah



‚êÑ
<Log> b':58421915 `<empty response>`'
<Log> b'Event: User left'
<Log> b"Event details: {'event_type': 4, 'time_stamp': 1624456801, 'id': 125832612, 'user_id': 379165, 'target_user_id': 379165, 'user_name': 'Paul Mansour', 'room_id': 52405, 'room_name': 'The APL Orchard'}"
<Log> b'Event: User left'
<Log> b"Event details: {'event_type': 4, 'time_stamp': 1624456801, 'id': 125832616, 'user_id': 470812, 'target_user_id': 470812, 'user_name': 'rak1507', 'room_id': 52405, 'room_name': 'The APL Orchard'}"
<Log> b'    @Ad\xc3\xa1m\n    a  \n     bc'
@Ad&#225;m
a
bc
<Log> b'    @Ad\xc3\xa1m\n    a \n    bc'
@Ad&#225;m
a
bc
<Log> b':58421949 `a\t`'
<Log> b':58421953 `aaa\t`'
<Log> b'Event: User joined'
<Log> b"Event details: {'event_type': 3, 'time_stamp': 1624456992, 'id': 125832744, 'user_id': 232772, 'target_user_id': 232772, 'user_name': 'dzaima', 'room_id': 52405, 'room_name': 'The APL Orchard'}"
<Log> b'Event: User joined'
<Log> b"Event details: {'event_type': 3, 'time_stamp': 1624457056, 'id': 125832755, 'user_id': 274572, 'target_user_id': 274572, 'user_name': 'caird coinheringaahing', 'room_id': 1, 'room_name': 'Sandbox'}"
<Log> b':58421964 `\\t`'
^CException ignored in: <module 'threading' from '/usr/lib/python3.8/threading.py'>
Traceback (most recent call last):
  File "/usr/lib/python3.8/threading.py", line 1388, in _shutdown
    lock.acquire()
KeyboardInterrupt: 
hyper-neutrino@ubuntu:~/workspace/apl-bot$ ^C
hyper-neutrino@ubuntu:~/workspace/apl-bot$ [H[Jhyper-neutrino@ubuntu:~/workspace/apl-bot$ python3 aplbot.py 
<Log> b'--- NEW LOGIN ---'
Password for the encrypted credidentials ? 
<Log> b'Credidentials retrieved successfully'
<Log> b'Logging to SE - OK'
<Log> b'Loading SE profile - OK'
<Log> b'Got chat fkey : 8b81a7efb523d878ab0bcdf68dd517d5'
<Log> b'Login to the SE chat successful'
{"url":"wss://chat.sockets.stackexchange.com/events/1/44d0aa17b8b24bcfbb787fef36e95e58"}
{"url":"wss://chat.sockets.stackexchange.com/events/52405/453efdca66db416390b2104791f70b91"}
<Log> b':58421978 unexpected bot error running this code; if this persists, please contact a developer'
Exception in thread Thread-1:
Traceback (most recent call last):
  File "/usr/lib/python3.8/threading.py", line 932, in _bootstrap_inner
    self.run()
  File "/usr/lib/python3.8/threading.py", line 870, in run
    self._target(*self._args, **self._kwargs)
  File "/home/hyper-neutrino/workspace/apl-bot/chatbot.py", line 180, in run
    self.handleActivity(a)
  File "/home/hyper-neutrino/workspace/apl-bot/chatbot.py", line 189, in handleActivity
    self.onActivity(activity)
  File "aplbot.py", line 82, in _inner
    rooms[rooms].sendMessage(ret)
TypeError: unhashable type: 'dict'
^CException ignored in: <module 'threading' from '/usr/lib/python3.8/threading.py'>
Traceback (most recent call last):
  File "/usr/lib/python3.8/threading.py", line 1388, in _shutdown
    lock.acquire()
KeyboardInterrupt: 
hyper-neutrino@ubuntu:~/workspace/apl-bot$ ^C
hyper-neutrino@ubuntu:~/workspace/apl-bot$ [H[Jhyper-neutrino@ubuntu:~/workspace/apl-bot$ python3 aplbot.py 
<Log> b'--- NEW LOGIN ---'
Password for the encrypted credidentials ? 
<Log> b'Credidentials retrieved successfully'
<Log> b'Logging to SE - OK'
<Log> b'Loading SE profile - OK'
<Log> b'Got chat fkey : ef7844014aa37fad54842f359b2ecfea'
<Log> b'Login to the SE chat successful'
{"url":"wss://chat.sockets.stackexchange.com/events/1/b9ef420671f141b79c13ddfb5ebd6dcd"}
{"url":"wss://chat.sockets.stackexchange.com/events/52405/4d93d081acfd49809c8a849d9f77c75d"}
<Log> b"    @hyper-neutrino    NOT PERMITTED: Illegal token\n          \xe2\x8e\x95\xe2\x86\x90\xe2\x8e\x95\xe2\x86\x90'hello'\n         ^"
@hyper-neutrino    NOT PERMITTED: Illegal token
‚éï&larr;‚éï&larr;&#39;hello&#39;
^
<Log> b':58421983 `hello`'
<Log> b'Event: Bot was replied to'
<Log> b"Event details: {'event_type': 18, 'time_stamp': 1624457194, 'content': '@ExperimentalAPLBot <code>hello</code>', 'id': 125832824, 'user_id': 296403, 'target_user_id': 296403, 'user_name': 'Experimental APL Bot', 'room_id': 1, 'room_name': 'Sandbox', 'message_id': 58421984, 'parent_id': 58421983, 'show_parent': True}"
<Log> b'Event: Bot was replied to'
<Log> b"Event details: {'event_type': 18, 'time_stamp': 1624457194, 'content': '@ExperimentalAPLBot <code>hello</code>', 'id': 125832824, 'user_id': 296403, 'target_user_id': 296403, 'user_name': 'Experimental APL Bot', 'room_id': 1, 'room_name': 'Sandbox', 'message_id': 58421984, 'parent_id': 58421983, 'show_parent': True}"
<Log> b':58421988 `hello`'
‚éï&larr;‚éï&larr;&#39;hello&#39;
<Log> b':58421992 `hello`'
<Log> b'    @Ad\xc3\xa1m    1 2 3\n    6'
@Ad&#225;m    1 2 3
6
<Log> b'Event: User joined'
<Log> b"Event details: {'event_type': 3, 'time_stamp': 1624457271, 'id': 125832852, 'user_id': 492471, 'target_user_id': 492471, 'user_name': 'Mark Giraffe', 'room_id': 1, 'room_name': 'Sandbox'}"
^CException ignored in: <module 'threading' from '/usr/lib/python3.8/threading.py'>
Traceback (most recent call last):
  File "/usr/lib/python3.8/threading.py", line 1388, in _shutdown
    lock.acquire()
KeyboardInterrupt: 
hyper-neutrino@ubuntu:~/workspace/apl-bot$ ^C
hyper-neutrino@ubuntu:~/workspace/apl-bot$ [H[Jhyper-neutrino@ubuntu:~/workspace/apl-bot$ python3 aplbot.py 
<Log> b'--- NEW LOGIN ---'
Password for the encrypted credidentials ? 
<Log> b'Credidentials retrieved successfully'
<Log> b'Logging to SE - OK'
<Log> b'Loading SE profile - OK'
<Log> b'Got chat fkey : ff4449a9a1033facece12bebd6af381b'
<Log> b'Login to the SE chat successful'
{"url":"wss://chat.sockets.stackexchange.com/events/1/582d78ab74054dd191c0dc568b2d1bdc"}
{"url":"wss://chat.sockets.stackexchange.com/events/52405/d127cdfeb5824438a852d84093c608e5"}
["‚éï‚Üê‚éï‚Üê'hello'"]
<Log> b"    @hyper-neutrino\n    NOT PERMITTED: Illegal token\n          \xe2\x8e\x95\xe2\x86\x90\xe2\x8e\x95\xe2\x86\x90'hello'\n         ^"
@hyper-neutrino
NOT PERMITTED: Illegal token
‚éï&larr;‚éï&larr;&#39;hello&#39;
^
['‚éï&larr;&#39;hello&#39;']
<Log> b':58422008 `hello`'
<Log> b'Event: Bot was replied to'
<Log> b"Event details: {'event_type': 18, 'time_stamp': 1624457285, 'content': '@ExperimentalAPLBot <code>hello</code>', 'id': 125832861, 'user_id': 296403, 'target_user_id': 296403, 'user_name': 'Experimental APL Bot', 'room_id': 1, 'room_name': 'Sandbox', 'message_id': 58422009, 'parent_id': 58422008, 'show_parent': True}"
<Log> b'Event: Bot was replied to'
<Log> b"Event details: {'event_type': 18, 'time_stamp': 1624457285, 'content': '@ExperimentalAPLBot <code>hello</code>', 'id': 125832861, 'user_id': 296403, 'target_user_id': 296403, 'user_name': 'Experimental APL Bot', 'room_id': 1, 'room_name': 'Sandbox', 'message_id': 58422009, 'parent_id': 58422008, 'show_parent': True}"
^CException ignored in: <module 'threading' from '/usr/lib/python3.8/threading.py'>
Traceback (most recent call last):
  File "/usr/lib/python3.8/threading.py", line 1388, in _shutdown
    lock.acquire()
KeyboardInterrupt: 
hyper-neutrino@ubuntu:~/workspace/apl-bot$ ^C
hyper-neutrino@ubuntu:~/workspace/apl-bot$ [H[Jhyper-neutrino@ubuntu:~/workspace/apl-bot$ 
hyper-neutrino@ubuntu:~/workspace/apl-bot$ python3 aplbot.py 
1234<Log> b'--- NEW LOGIN ---'
Password for the encrypted credidentials ? 
<Log> b'Credidentials retrieved successfully'
<Log> b'Logging to SE - OK'
<Log> b'Caught by CAPTCHA'
<Log> b'Loading SE profile - FAILURE -  aborting'
hyper-neutrino@ubuntu:~/workspace/apl-bot$ [H[Jhyper-neutrino@ubuntu:~/workspace/apl-bot$ python3 aplbot.py 
<Log> b'--- NEW LOGIN ---'
Password for the encrypted credidentials ? 
<Log> b'Credidentials retrieved successfully'
<Log> b'Logging to SE - OK'
<Log> b'Caught by CAPTCHA'
<Log> b'Loading SE profile - FAILURE -  aborting'
hyper-neutrino@ubuntu:~/workspace/apl-bot$ [H[Jhyper-neutrino@ubuntu:~/workspace/apl-bot$ python3 aplbot.py 
<Log> b'--- NEW LOGIN ---'
Password for the encrypted credidentials ? 
<Log> b'Credidentials retrieved successfully'
<Log> b'Logging to SE - OK'
<Log> b'Caught by CAPTCHA'
<Log> b'Loading SE profile - FAILURE -  aborting'
hyper-neutrino@ubuntu:~/workspace/apl-bot$ [H[Jhyper-neutrino@ubuntu:~/workspace/apl-bot$ python3 aplbot.py 
<Log> b'--- NEW LOGIN ---'
Password for the encrypted credidentials ? 
<Log> b'Credidentials retrieved successfully'
<Log> b'Logging to SE - OK'
<Log> b'Loading SE profile - OK'
<Log> b'Got chat fkey : 21e3b6919f46ff574d094716f72b33db'
<Log> b'Login to the SE chat successful'
{"url":"wss://chat.sockets.stackexchange.com/events/1/8cde4677039f4fb68a7033d23ba52773"}
{"url":"wss://chat.sockets.stackexchange.com/events/52405/a1f1c71a70764c3f827dec93b78e9c65"}
<Log> b":58422047 3 3\xe2\x8d\xb4' '"
<Log> b'    @Ad\xc3\xa1m\n    SYNTAX ERROR\n          \xe2\x8e\x95\xe2\x86\x903 3\xe2\x8d\xb4\n              \xe2\x88\xa7'
@Ad&#225;m
SYNTAX ERROR
‚éï&larr;3 3‚ç¥
‚àß
<Log> b'    @Experimental APL Bot\n    SYNTAX ERROR: Missing right argument\n          3 3\xe2\x8d\xb4\n             \xe2\x88\xa7'
@Experimental APL Bot
SYNTAX ERROR: Missing right argument
3 3‚ç¥
‚àß
^CException ignored in: <module 'threading' from '/usr/lib/python3.8/threading.py'>
Traceback (most recent call last):
  File "/usr/lib/python3.8/threading.py", line 1388, in _shutdown
    lock.acquire()
KeyboardInterrupt: 
hyper-neutrino@ubuntu:~/workspace/apl-bot$ ^C
hyper-neutrino@ubuntu:~/workspace/apl-bot$ python3 aplbot.py 
<Log> b'--- NEW LOGIN ---'
Password for the encrypted credidentials ? 
<Log> b'Credidentials retrieved successfully'
<Log> b'Logging to SE - OK'
<Log> b'Loading SE profile - OK'
<Log> b'Got chat fkey : 151a9a1c85cb6d8439998bff998f913c'
<Log> b'Login to the SE chat successful'
{"url":"wss://chat.sockets.stackexchange.com/events/1/b518794a43e04f19b4fda0cedb467389"}
{"url":"wss://chat.sockets.stackexchange.com/events/52405/ffec3e0dd72e492ebaac831b59f0b83b"}
{'event_type': 1, 'time_stamp': 1624457634, 'content': '<code>‚éï&larr;&#39;test&#39;</code>', 'id': 125833050, 'user_id': 281362, 'user_name': 'hyper-neutrino', 'room_id': 1, 'room_name': 'Sandbox', 'message_id': 58422081}
<Log> b':58422081 `test`'
^CException ignored in: <module 'threading' from '/usr/lib/python3.8/threading.py'>
Traceback (most recent call last):
  File "/usr/lib/python3.8/threading.py", line 1388, in _shutdown
    lock.acquire()
KeyboardInterrupt: 
hyper-neutrino@ubuntu:~/workspace/apl-bot$ ^C
hyper-neutrino@ubuntu:~/workspace/apl-bot$ [H[Jhyper-neutrino@ubuntu:~/workspace/apl-bot$ python3 aplbot.py 
<Log> b'--- NEW LOGIN ---'
Password for the encrypted credidentials ? 
<Log> b'Credidentials retrieved successfully'
<Log> b'Logging to SE - OK'
<Log> b'Loading SE profile - OK'
<Log> b'Got chat fkey : f06b3a4ec47d6b97420a322905f23951'
<Log> b'Login to the SE chat successful'
{"url":"wss://chat.sockets.stackexchange.com/events/1/c7e13c3463ee4cadb318625e95d46bda"}
{"url":"wss://chat.sockets.stackexchange.com/events/52405/37459383ddd04893b732fcacaa6418e0"}
<Log> b":58422094 `\xe2\x8e\x95\xe2\x86\x90'hello'`"
<Log> b':58422098 unexpected bot error running this code; if this persists, please contact a developer'
Exception in thread Thread-1:
Traceback (most recent call last):
  File "/usr/lib/python3.8/threading.py", line 932, in _bootstrap_inner
    self.run()
  File "/usr/lib/python3.8/threading.py", line 870, in run
    self._target(*self._args, **self._kwargs)
  File "/home/hyper-neutrino/workspace/apl-bot/chatbot.py", line 180, in run
    self.handleActivity(a)
  File "/home/hyper-neutrino/workspace/apl-bot/chatbot.py", line 189, in handleActivity
    self.onActivity(activity)
  File "aplbot.py", line 62, in _inner
    ret = reply + "Response consisted of " + " + ".join(str(r) + " " + ws[v][r == 1] for r, v in RLE(line)) + "."
  File "aplbot.py", line 17, in RLE
    r[-1][0] += 1
TypeError: 'tuple' object does not support item assignment
^CException ignored in: <module 'threading' from '/usr/lib/python3.8/threading.py'>
Traceback (most recent call last):
  File "/usr/lib/python3.8/threading.py", line 1388, in _shutdown
    lock.acquire()
KeyboardInterrupt: 
hyper-neutrino@ubuntu:~/workspace/apl-bot$ ^C
hyper-neutrino@ubuntu:~/workspace/apl-bot$ [H[Jhyper-neutrino@ubuntu:~/workspace/apl-bot$ python3 aplbot.py 
<Log> b'--- NEW LOGIN ---'
Password for the encrypted credidentials ? 
<Log> b'Credidentials retrieved successfully'
<Log> b'Logging to SE - OK'
<Log> b'Caught by CAPTCHA'
<Log> b'Loading SE profile - FAILURE -  aborting'
hyper-neutrino@ubuntu:~/workspace/apl-bot$ [H[Jhyper-neutrino@ubuntu:~/workspace/apl-bot$ python3 aplbot.py 
<Log> b'--- NEW LOGIN ---'
Password for the encrypted credidentials ? 
<Log> b'Credidentials retrieved successfully'
<Log> b'Logging to SE - OK'
<Log> b'Loading SE profile - OK'
<Log> b'Got chat fkey : 350f54c163fb9b106586aaec0442cdbf'
<Log> b'Login to the SE chat successful'
{"url":"wss://chat.sockets.stackexchange.com/events/1/4380dfdea43145668a8b7fab95231ed1"}
{"url":"wss://chat.sockets.stackexchange.com/events/52405/d68fe9b2de3d413e91761e25cfff4fbf"}
<Log> b':58422109 Response consisted of 3 spaces.'
<Log> b':58422112 Response consisted of 3 tabs.'
<Log> b':58422113 Response consisted of 1 tab + 2 spaces.'
<Log> b':58422118 Response consisted of 1 tab + 1 space + 1 tab.'
<Log> b":58422122 `2 3\xe2\x8d\xb4' '`"
<Log> b':58422128 Response consisted of 1 tab + 1 space + 1 tab + 1 space + 1 tab + 1 space + 1 tab + 1 space + 1 tab + 1 space + 1 tab + 1 space + 1 tab + 1 space + 1 tab + 1 space + 1 tab + 1 space + 1 tab + 1 space + 1 tab + 1 space + 1 tab + 1 space + 1 tab + 1 space + 1 tab + 1 space + 1 tab + 1 space + 1 tab + 1 space + 1 tab + 1 space + 1 tab + 1 space + 1 tab + 1 space + 1 tab + 1 space + 1 tab + 1 space + 1 tab + 1 space + 1 tab + 1 space + 1 tab + 1 space + 1 tab + 1 space + 1 tab + 1 space + 1 tab + 1 space + 1 tab + 1 space + 1 tab + 1 space + 1 tab + 1 space + 1 tab + 1 space + 1 tab + 1 space + 1 tab + 1 space + 1 tab + 1 space + 1 tab + 1 space + 1 tab + 1 space + 1 tab + 1 space + 1 tab + 1 space + 1 tab + 1 space + 1 tab + 1 space + 1 tab + 1 space + 1 tab + 1 space + 1 tab + 1 space + 1 tab + 1 space + 1 tab + 1 space + 1 tab + 1 space + 1 tab + 1 space + 1 tab + 1 space + 1 tab + 1 space + 1 tab + 1 space.'
<Log> b'Message too long : :58422128 Response consisted of 1 tab + 1 space + 1 tab + 1 space + 1 tab + 1 space + 1 tab + 1 space + 1 tab + 1 space + 1 tab + 1 space + 1 tab + 1 space + 1 tab + 1 space + 1 tab + 1 space + 1 tab + 1 space + 1 tab + 1 space + 1 tab + 1 space + 1 tab + 1 space + 1 tab + 1 space + 1 tab + 1 space + 1 tab + 1 space + 1 tab + 1 space + 1 tab + 1 space + 1 tab + 1 space + 1 tab + 1 space + 1 tab + 1 space + 1 tab + 1 space + 1 tab + 1 space + 1 tab + 1 space + 1 tab + 1 space + 1 tab + 1 space + 1 tab + 1 space + 1 tab + 1 space + 1 tab + 1 space + 1 tab + 1 space + 1 tab + 1 space + 1 tab + 1 space + 1 tab + 1 space + 1 tab + 1 space + 1 tab + 1 space + 1 tab + 1 space + 1 tab + 1 space + 1 tab + 1 space + 1 tab + 1 space + 1 tab + 1 space + 1 tab + 1 space + 1 tab + 1 space + 1 tab + 1 space + 1 tab + 1 space + 1 tab + 1 space + 1 tab + 1 space + 1 tab + 1 space + 1 tab + 1 space + 1 tab + 1 space + 1 tab + 1 space.'
^CException ignored in: <module 'threading' from '/usr/lib/python3.8/threading.py'>
Traceback (most recent call last):
  File "/usr/lib/python3.8/threading.py", line 1388, in _shutdown
    lock.acquire()
KeyboardInterrupt: 
hyper-neutrino@ubuntu:~/workspace/apl-bot$ ^C
hyper-neutrino@ubuntu:~/workspace/apl-bot$ [H[Jhyper-neutrino@ubuntu:~/workspace/apl-bot$ python3 aplbot.py 
<Log> b'--- NEW LOGIN ---'
Password for the encrypted credidentials ? 
<Log> b'Credidentials retrieved successfully'
<Log> b'Logging to SE - OK'
<Log> b'Loading SE profile - OK'
<Log> b'Got chat fkey : c1124888234d99d86404a8f82bb7f469'
<Log> b'Login to the SE chat successful'
{"url":"wss://chat.sockets.stackexchange.com/events/1/cc990f2af6ab467e8b8fac65fcddd7e3"}
{"url":"wss://chat.sockets.stackexchange.com/events/52405/8c5585f2c274448598cbfaf1461f46a6"}
<Log> b'    @hyper-neutrino\n    \t \t \t \t \t \t \t \t \t \t \t \t \t \t \t \t \t \t \t \t \t \t \t \t \t \t \t \t \t \t \t \t \t \t \t \t \t \t \t \t \t \t \t \t \t \t \t \t \t \t '
@hyper-neutrino
<Log> b'    @Ad\xc3\xa1m\n    \xe2\x94\x8c\xe2\x94\x80\xe2\x94\xb4\xe2\x94\x80\xe2\x94\x90  \n    \xe2\x8a\xa2 \xe2\x94\x8c\xe2\x94\x80\xe2\x94\xbc\xe2\x94\x80\xe2\x94\x90\n      \xe2\x8c\xbf \xc3\xb7 \xe2\x89\xa2\n    \xe2\x94\x8c\xe2\x94\x80\xe2\x94\x98    \n    +      '
@Ad&#225;m
‚îå‚îÄ‚î¥‚îÄ‚îê
‚ä¢ ‚îå‚îÄ‚îº‚îÄ‚îê
‚åø &#247; ‚â¢
‚îå‚îÄ‚îò
+
^CException ignored in: <module 'threading' from '/usr/lib/python3.8/threading.py'>
Traceback (most recent call last):
  File "/usr/lib/python3.8/threading.py", line 1388, in _shutdown
    lock.acquire()
KeyboardInterrupt: 
hyper-neutrino@ubuntu:~/workspace/apl-bot$ ^C
hyper-neutrino@ubuntu:~/workspace/apl-bot$ [H[Jhyper-neutrino@ubuntu:~/workspace/apl-bot$ python3 aplbot.py 
<Log> b'--- NEW LOGIN ---'
Password for the encrypted credidentials ? 
<Log> b'Credidentials retrieved successfully'
<Log> b'Logging to SE - OK'
<Log> b'Loading SE profile - OK'
<Log> b'Got chat fkey : ce0d74b05d8fbe34f94431996760999e'
<Log> b'Login to the SE chat successful'
{"url":"wss://chat.sockets.stackexchange.com/events/1/7c76abaebd134b69b2f83b4163a642ab"}
{"url":"wss://chat.sockets.stackexchange.com/events/52405/80cb7fa462c7466fb38e8fd6b9f72cd9"}
<Log> b':58422155 \nResponse consisted of 1 tab + 1 space + 1 tab + 1 space + 1 tab + 1 space + 1 tab + 1 space + 1 tab + 1 space + 1 tab + 1 space + 1 tab + 1 space + 1 tab + 1 space + 1 tab + 1 space + 1 tab + 1 space + 1 tab + 1 space + 1 tab + 1 space + 1 tab + 1 space + 1 tab + 1 space + 1 tab + 1 space + 1 tab + 1 space + 1 tab + 1 space + 1 tab + 1 space + 1 tab + 1 space + 1 tab + 1 space + 1 tab + 1 space + 1 tab + 1 space + 1 tab + 1 space + 1 tab + 1 space + 1 tab + 1 space + 1 tab + 1 space + 1 tab + 1 space + 1 tab + 1 space + 1 tab + 1 space + 1 tab + 1 space + 1 tab + 1 space + 1 tab + 1 space + 1 tab + 1 space + 1 tab + 1 space + 1 tab + 1 space + 1 tab + 1 space + 1 tab + 1 space + 1 tab + 1 space + 1 tab + 1 space + 1 tab + 1 space + 1 tab + 1 space + 1 tab + 1 space + 1 tab + 1 space + 1 tab + 1 space + 1 tab + 1 space + 1 tab + 1 space + 1 tab + 1 space + 1 tab + 1 space + 1 tab + 1 space + 1 tab + 1 space.'
<Log> b':58422162 \nResponse consisted of 1 tab + 1 space + 1 tab + 1 space + 1 tab + 1 space + 1 tab + 1 space + 1 tab + 1 space + 1 tab + 1 space + 1 tab + 1 space + 1 tab + 1 space + 1 tab + 1 space + 1 tab + 1 space + 1 tab + 1 space + 1 tab + 1 space + 1 tab + 1 space + 1 tab + 1 space + 1 tab + 1 space + 1 tab + 1 space + 1 tab + 1 space + 1 tab + 1 space + 1 tab + 1 space + 1 tab + 1 space + 1 tab + 1 space + 1 tab + 1 space + 1 tab + 1 space + 1 tab + 1 space + 1 tab + 1 space + 1 tab + 1 space + 1 tab + 1 space + 1 tab + 1 space + 1 tab + 1 space + 1 tab + 1 space + 1 tab + 1 space + 1 tab + 1 space + 1 tab + 1 space + 1 tab + 1 space + 1 tab + 1 space + 1 tab + 1 space + 1 tab + 1 space + 1 tab + 1 space + 1 tab + 1 space + 1 tab + 1 space + 1 tab + 1 space + 1 tab + 1 space + 1 tab + 1 space + 1 tab + 1 space + 1 tab + 1 space + 1 tab + 1 space + 1 tab + 1 space + 1 tab + 1 space + 1 tab + 1 space + 1 tab + 1 space + 1 tab + 1 space + 1 tab + 1 space + 1 tab + 1 space + 1 tab + 1 space + 1 tab + 1 space + 1 tab + 1 space + 1 tab + 1 space + 1 tab + 1 space + 1 tab + 1 space + 1 tab + 1 space + 1 tab + 1 space + 1 tab + 1 space + 1 tab + 1 space + 1 tab + 1 space + 1 tab + 1 space + 1 tab + 1 space + 1 tab + 1 space + 1 tab + 1 space + 1 tab + 1 space + 1 tab + 1 space + 1 tab + 1 space + 1 tab + 1 space + 1 tab + 1 space + 1 tab + 1 space + 1 tab + 1 space + 1 tab + 1 space + 1 tab + 1 space + 1 tab + 1 space + 1 tab + 1 space + 1 tab + 1 space + 1 tab + 1 space + 1 tab + 1 space + 1 tab + 1 space + 1 tab + 1 space + 1 tab + 1 space + 1 tab + 1 space + 1 tab + 1 space + 1 tab + 1 space + 1 tab + 1 space + 1 tab + 1 space + 1 tab + 1 space + 1 tab + 1 space + 1 tab + 1 space + 1 tab + 1 space + 1 tab + 1 space + 1 tab + 1 space + 1 tab + 1 space + 1 tab + 1 space + 1 tab + 1 space + 1 tab + 1 space + 1 tab + 1 space + 1 tab + 1 space + 1 tab + 1 space + 1 tab + 1 space + 1 tab + 1 space + 1 tab + 1 space + 1 tab + 1 space + 1 tab + 1 space + 1 tab + 1 space + 1 tab + 1 space + 1 tab + 1 space + 1 tab + 1 space + 1 tab + 1 space + 1 tab + 1 space + 1 tab + 1 space + 1 tab + 1 space + 1 tab + 1 space + 1 tab + 1 space + 1 tab + 1 space + 1 tab + 1 space + 1 tab + 1 space + 1 tab + 1 space + 1 tab + 1 space + 1 tab + 1 space + 1 tab + 1 space + 1 tab + 1 space + 1 tab + 1 space + 1 tab + 1 space + 1 tab + 1 space + 1 tab + 1 space + 1 tab + 1 space + 1 tab + 1 space + 1 tab + 1 space + 1 tab + 1 space + 1 tab + 1 space + 1 tab + 1 space + 1 tab + 1 space + 1 tab + 1 space + 1 tab + 1 space + 1 tab + 1 space + 1 tab + 1 space + 1 tab + 1 space + 1 tab + 1 space + 1 tab + 1 space + 1 tab + 1 space + 1 tab + 1 space + 1 tab + 1 space + 1 tab + 1 space + 1 tab + 1 space + 1 tab + 1 space + 1 tab + 1 space + 1 tab + 1 space + 1 tab + 1 space + 1 tab + 1 space + 1 tab + 1 space + 1 tab + 1 space + 1 tab + 1 space + 1 tab + 1 space + 1 tab + 1 space + 1 tab + 1 space + 1 tab + 1 space + 1 tab + 1 space + 1 tab + 1 space + 1 tab + 1 space + 1 tab + 1 space + 1 tab + 1 space + 1 tab + 1 space + 1 tab + 1 space + 1 tab + 1 space + 1 tab + 1 space + 1 tab + 1 space + 1 tab + 1 space + 1 tab + 1 space + 1 tab + 1 space + 1 tab + 1 space + 1 tab + 1 space + 1 tab + 1 space + 1 tab + 1 space + 1 tab + 1 space + 1 tab + 1 space + 1 tab + 1 space + 1 tab + 1 space + 1 tab + 1 space + 1 tab + 1 space + 1 tab + 1 space + 1 tab + 1 space + 1 tab + 1 space + 1 tab + 1 space + 1 tab + 1 space + 1 tab + 1 space + 1 tab + 1 space + 1 tab + 1 space + 1 tab + 1 space + 1 tab + 1 space + 1 tab + 1 space + 1 tab + 1 space + 1 tab + 1 space + 1 tab + 1 space + 1 tab + 1 space + 1 tab + 1 space + 1 tab + 1 space + 1 tab + 1 space + 1 tab + 1 space + 1 tab + 1 space + 1 tab + 1 space + 1 tab + 1 space + 1 tab + 1 space + 1 tab + 1 space + 1 tab + 1 space + 1 tab + 1 space + 1 tab + 1 space + 1 tab + 1 space + 1 tab + 1 space + 1 tab + 1 space + 1 tab + 1 space + 1 tab + 1 space + 1 tab + 1 space + 1 tab + 1 space + 1 tab + 1 space + 1 tab + 1 space + 1 tab + 1 space + 1 tab + 1 space + 1 tab + 1 space + 1 tab + 1 space + 1 tab + 1 space + 1 tab + 1 space + 1 tab + 1 space + 1 tab + 1 space + 1 tab + 1 space + 1 tab + 1 space + 1 tab + 1 space + 1 tab + 1 space + 1 tab + 1 space + 1 tab + 1 space + 1 tab + 1 space + 1 tab + 1 space + 1 tab + 1 space + 1 tab + 1 space + 1 tab + 1 space + 1 tab + 1 space + 1 tab + 1 space + 1 tab + 1 space + 1 tab + 1 space + 1 tab + 1 space + 1 tab + 1 space + 1 tab + 1 space + 1 tab + 1 space + 1 tab + 1 space + 1 tab + 1 space + 1 tab + 1 space + 1 tab + 1 space + 1 tab + 1 space + 1 tab + 1 space + 1 tab + 1 space + 1 tab + 1 space + 1 tab + 1 space + 1 tab + 1 space + 1 tab + 1 space + 1 tab + 1 space + 1 tab + 1 space + 1 tab + 1 space + 1 tab + 1 space + 1 tab + 1 space + 1 tab + 1 space + 1 tab + 1 space + 1 tab + 1 space + 1 tab + 1 space + 1 tab + 1 space + 1 tab + 1 space + 1 tab + 1 space + 1 tab + 1 space + 1 tab + 1 space + 1 tab + 1 space + 1 tab + 1 space + 1 tab + 1 space + 1 tab + 1 space + 1 tab + 1 space + 1 tab + 1 space + 1 tab + 1 space + 1 tab + 1 space + 1 tab + 1 space + 1 tab + 1 space + 1 tab + 1 space + 1 tab + 1 space + 1 tab + 1 space + 1 tab + 1 space + 1 tab + 1 space + 1 tab + 1 space + 1 tab + 1 space + 1 tab + 1 space + 1 tab + 1 space + 1 tab + 1 space + 1 tab + 1 space + 1 tab + 1 space + 1 tab + 1 space + 1 tab + 1 space + 1 tab + 1 space + 1 tab + 1 space + 1 tab + 1 space + 1 tab + 1 space + 1 tab + 1 space + 1 tab + 1 space + 1 tab + 1 space + 1 tab + 1 space + 1 tab + 1 space + 1 tab + 1 space + 1 tab + 1 space + 1 tab + 1 space + 1 tab + 1 space + 1 tab + 1 space + 1 tab + 1 space + 1 tab + 1 space + 1 tab + 1 space + 1 tab + 1 space + 1 tab + 1 space + 1 tab + 1 space + 1 tab + 1 space + 1 tab + 1 space + 1 tab + 1 space + 1 tab + 1 space + 1 tab + 1 space + 1 tab + 1 space + 1 tab + 1 space + 1 tab + 1 space + 1 tab + 1 space + 1 tab + 1 space + 1 tab + 1 space + 1 tab + 1 space + 1 tab + 1 space + 1 tab + 1 space + 1 tab + 1 space + 1 tab + 1 space + 1 tab + 1 space + 1 tab + 1 space + 1 tab + 1 space + 1 tab + 1 space + 1 tab + 1 space + 1 tab + 1 space + 1 tab + 1 space + 1 tab + 1 space + 1 tab + 1 space + 1 tab + 1 space + 1 tab + 1 space + 1 tab + 1 space + 1 tab + 1 space + 1 tab + 1 space + 1 tab + 1 space + 1 tab + 1 space + 1 tab + 1 space + 1 tab + 1 space + 1 tab + 1 space + 1 tab + 1 space + 1 tab + 1 space + 1 tab + 1 space + 1 tab + 1 space + 1 tab + 1 space + 1 tab + 1 space + 1 tab + 1 space + 1 tab + 1 space + 1 tab + 1 space + 1 tab + 1 space + 1 tab + 1 space + 1 tab + 1 space + 1 tab + 1 space + 1 tab + 1 space + 1 tab + 1 space + 1 tab + 1 space + 1 tab + 1 space + 1 tab + 1 space + 1 tab + 1 space + 1 tab + 1 space + 1 tab + 1 space + 1 tab + 1 space + 1 tab + 1 space + 1 tab + 1 space + 1 tab + 1 space + 1 tab + 1 space + 1 tab + 1 space + 1 tab + 1 space + 1 tab + 1 space + 1 tab + 1 space + 1 tab + 1 space + 1 tab + 1 space + 1 tab + 1 space + 1 tab + 1 space + 1 tab + 1 space + 1 tab + 1 space + 1 tab + 1 space + 1 tab + 1 space + 1 tab + 1 space + 1 tab + 1 space + 1 tab + 1 space + 1 tab + 1 space + 1 tab + 1 space + 1 tab + 1 space + 1 tab + 1 space + 1 tab + 1 space + 1 tab + 1 space + 1 tab + 1 space + 1 tab + 1 space + 1 tab + 1 space + 1 tab + 1 space + 1 tab + 1 space + 1 tab + 1 space + 1 tab + 1 space + 1 tab + 1 space + 1 tab + 1 space + 1 tab + 1 space + 1 tab + 1 space + 1 tab + 1 space + 1 tab + 1 space + 1 tab + 1 space + 1 tab + 1 space + 1 tab + 1 space + 1 tab + 1 space + 1 tab + 1 space + 1 tab + 1 space + 1 tab + 1 space + 1 tab + 1 space + 1 tab + 1 space + 1 tab + 1 space + 1 tab + 1 space + 1 tab + 1 space + 1 tab + 1 space + 1 tab + 1 space + 1 tab + 1 space + 1 tab + 1 space + 1 tab + 1 space + 1 tab + 1 space + 1 tab + 1 space + 1 tab + 1 space + 1 tab + 1 space + 1 tab + 1 space + 1 tab + 1 space + 1 tab + 1 space + 1 tab + 1 space + 1 tab + 1 space + 1 tab + 1 space + 1 tab + 1 space + 1 tab + 1 space + 1 tab + 1 space + 1 tab + 1 space + 1 tab + 1 space + 1 tab + 1 space + 1 tab + 1 space + 1 tab + 1 space + 1 tab + 1 space + 1 tab + 1 space + 1 tab + 1 space + 1 tab + 1 space + 1 tab + 1 space + 1 tab + 1 space + 1 tab + 1 space + 1 tab + 1 space + 1 tab + 1 space + 1 tab + 1 space + 1 tab + 1 space + 1 tab + 1 space + 1 tab + 1 space + 1 tab + 1 space + 1 tab + 1 space + 1 tab + 1 space + 1 tab + 1 space + 1 tab + 1 space + 1 tab + 1 space + 1 tab + 1 space + 1 tab + 1 space + 1 tab + 1 space + 1 tab + 1 space + 1 tab + 1 space + 1 tab + 1 space + 1 tab + 1 space + 1 tab + 1 space + 1 tab + 1 space + 1 tab + 1 space + 1 tab + 1 space + 1 tab + 1 space + 1 tab + 1 space + 1 tab + 1 space + 1 tab + 1 space + 1 tab + 1 space + 1 tab + 1 space + 1 tab + 1 space + 1 tab + 1 space + 1 tab + 1 space + 1 tab + 1 space + 1 tab + 1 space + 1 tab + 1 space + 1 tab + 1 space + 1 tab + 1 space + 1 tab + 1 space + 1 tab + 1 space + 1 tab + 1 space + 1 tab + 1 space + 1 tab + 1 space + 1 tab + 1 space + 1 tab + 1 space + 1 tab + 1 space + 1 tab + 1 space + 1 tab + 1 space.'
<Log> b'    @hyper-neutrino\n    \t \t \t \t \t \t \t \t \t \t \t \t \t \t \t \t \t \t \t \t \t \t \t \t \t \t \t \t \t \t \t \t \t \t \t \t \t \t \t \t \t \t \t \t \t \t \t \t \t \t \t \t \t \t \t \t \t \t \t \t \t \t \t \t \t \t \t \t \t \t \t \t \t \t \t \t \t \t \t \t \t \t \t \t \t \t \t \t \t \t \t \t \t \t \t \t \t \t \t \t \t \t \t \t \t \t \t \t \t \t \t \t \t \t \t \t \t \t \t \t \t \t \t \t \t \t \t \t \t \t \t \t \t \t \t \t \t \t \t \t \t \t \t \t \t \t \t \t \t \t \t \t \t \t \t \t \t \t \t \t \t \t \t \t \t \t \t \t \t \t \t \t \t \t \t \t \t \t \t \t \t \t \t \t \t \t \t \t \t \t \t \t \t \t \t \t \t \t \t \t \t \t \t \t \t \t \t \t \t \t \t \t \t \t \t \t \t \t \t \t \t \t \t \t \t \t \t \t \t \t \t \t \t \t \t \t \t \t \t \t \t \t \t \t \t \t \t \t \t \t \t \t \t \t \t \t \t \t \t \t \t \t \t \t \t \t \t \t \t \t \t \t \t \t \t \t \t \t \t \t \t \t \t \t \t \t \t \t \t \t \t \t \t \t \t \t \t \t \t \t \t \t \t \t \t \t \t \t \t \t \t \t \t \t \t \t \t \t \t \t \t \t \t \t \t \t \t \t \t \t \t \t \t \t \t \t \t \t \t \t \t \t \t \t \t \t \t \t \t \t \t \t \t \t \t \t \t \t \t \t \t \t \t \t \t \t \t \t \t \t \t \t \t \t \t \t \t \t \t \t \t \t \t \t \t \t \t \t \t \t \t \t \t \t \t \t \t \t \t \t \t \t \t \t \t \t \t \t \t \t \t \t \t \t \t \t \t \t \t \t \t \t \t \t \t \t \t \t \t \t \t \t \t \t \t \t \t \t \t \t \t \t \t \t \t \t \t \t \t \t \t \t \t \t \t \t \t \t \t \t \t \t \t \t \t \t \t \t \t \t \t \t \t \t \t \t \t \t \t \t \t \t \t \t \t \t \t \t \t \t  \xc2\xb7\xc2\xb7\xc2\xb7 \t \t \t \t \t '
^CException ignored in: <module 'threading' from '/usr/lib/python3.8/threading.py'>
Traceback (most recent call last):
  File "/usr/lib/python3.8/threading.py", line 1388, in _shutdown
    lock.acquire()
KeyboardInterrupt: 
hyper-neutrino@ubuntu:~/workspace/apl-bot$ ^C
hyper-neutrino@ubuntu:~/workspace/apl-bot$ [H[Jhyper-neutrino@ubuntu:~/workspace/apl-bot$ python3 aplbot.py 
<Log> b'--- NEW LOGIN ---'
Password for the encrypted credidentials ? 
<Log> b'Credidentials retrieved successfully'
<Log> b'Logging to SE - OK'
<Log> b'Loading SE profile - OK'
<Log> b'Got chat fkey : 06b240edbe97a5d73b3b36498951ca89'
<Log> b'Login to the SE chat successful'
{"url":"wss://chat.sockets.stackexchange.com/events/1/815df029a74b48e785e417f0cacba061"}
{"url":"wss://chat.sockets.stackexchange.com/events/52405/7abaa366bef344508a75006cf393ebfb"}
<Log> b':58422206 Response consisted of 1000 various whitespace characters.'
^CException ignored in: <module 'threading' from '/usr/lib/python3.8/threading.py'>
Traceback (most recent call last):
  File "/usr/lib/python3.8/threading.py", line 1388, in _shutdown
    lock.acquire()
KeyboardInterrupt: 
hyper-neutrino@ubuntu:~/workspace/apl-bot$ ^C
hyper-neutrino@ubuntu:~/workspace/apl-bot$ [H[Jhyper-neutrino@ubuntu:~/workspace/apl-bot$ python3 aplbot.py 
<Log> b'--- NEW LOGIN ---'
Password for the encrypted credidentials ? 
<Log> b'Credidentials retrieved successfully'
<Log> b'Logging to SE - OK'
<Log> b'Loading SE profile - OK'
<Log> b'Got chat fkey : fa90630896bf70e5afb97c115e2adf0c'
<Log> b'Login to the SE chat successful'
{"url":"wss://chat.sockets.stackexchange.com/events/1/c1f809fa2a8e459b89c042974c31a698"}
{"url":"wss://chat.sockets.stackexchange.com/events/52405/53b566921a8f4852af97e3426746f256"}
<Log> b'Event: User joined'
<Log> b"Event details: {'event_type': 3, 'time_stamp': 1624458449, 'id': 125833477, 'user_id': 379165, 'target_user_id': 379165, 'user_name': 'Paul Mansour', 'room_id': 52405, 'room_name': 'The APL Orchard'}"
<Log> b'Event: User joined'
<Log> b"Event details: {'event_type': 3, 'time_stamp': 1624458786, 'id': 125833652, 'user_id': 382943, 'target_user_id': 382943, 'user_name': 'RikedyP', 'room_id': 52405, 'room_name': 'The APL Orchard'}"
^CException ignored in: <module 'threading' from '/usr/lib/python3.8/threading.py'>
Traceback (most recent call last):
  File "/usr/lib/python3.8/threading.py", line 1388, in _shutdown
    lock.acquire()
KeyboardInterrupt: 
hyper-neutrino@ubuntu:~/workspace/apl-bot$ ^C
hyper-neutrino@ubuntu:~/workspace/apl-bot$ [H[Jhyper-neutrino@ubuntu:~/workspace/apl-bot$ python3 aplbot.py 
  File "aplbot.py", line 63
    elif (line[-1] != "\\" or line[0] != "`" and "``" not in line) and line[0] not in ws:
    ^
SyntaxError: invalid syntax
hyper-neutrino@ubuntu:~/workspace/apl-bot$ ^C
hyper-neutrino@ubuntu:~/workspace/apl-bot$ [H[Jhyper-neutrino@ubuntu:~/workspace/apl-bot$ python3 aplbot.py 
<Log> b'--- NEW LOGIN ---'
Password for the encrypted credidentials ? 
<Log> b'Credidentials retrieved successfully'
<Log> b'Logging to SE - OK'
<Log> b'Loading SE profile - OK'
<Log> b'Got chat fkey : 48b758bbd9fc06be5b6241b176596ec3'
<Log> b'Login to the SE chat successful'
{"url":"wss://chat.sockets.stackexchange.com/events/1/e6c9a75efa584ef1874a64b69739a436"}
{"url":"wss://chat.sockets.stackexchange.com/events/52405/e328dc4c1780415a91e1da88d5688938"}
<Log> b':58422331 Response looks like a 1-by-1000 matrix of whitespace characters.'
<Log> b':58422335 Response looks like a 3-by-50 matrix of whitespace characters.'
<Log> b':58422343 Response looks like a 2-by-3 matrix of whitespace characters.'
<Log> b':58422399 `hello`'
<Log> b'    @hyper-neutrino\n    1 2 3\n    4 5 6\n    7 8 9'
@hyper-neutrino
1 2 3
4 5 6
7 8 9
<Log> b'    @Ad\xc3\xa1m\n    \x00\x00\x00\n    \x00\x00\x00'
@Ad&#225;m
   
   
<Log> b'Event: User joined'
<Log> b"Event details: {'event_type': 3, 'time_stamp': 1624459367, 'id': 125833899, 'user_id': 513713, 'target_user_id': 513713, 'user_name': '0xACE', 'room_id': 52405, 'room_name': 'The APL Orchard'}"
<Log> b'    @hyper-neutrino\n    1 2 3\n    4 5 6\n    7 8 9'
@hyper-neutrino
1 2 3
4 5 6
7 8 9
<Log> b'    @hyper-neutrino\n    1 4 7\n    2 5 8\n    3 6 9'
@hyper-neutrino
1 4 7
2 5 8
3 6 9
<Log> b'Event: User joined'
<Log> b"Event details: {'event_type': 3, 'time_stamp': 1624459472, 'id': 125833939, 'user_id': 464678, 'target_user_id': 464678, 'user_name': 'Marshall', 'room_id': 52405, 'room_name': 'The APL Orchard'}"
<Log> b'Event: User left'
<Log> b"Event details: {'event_type': 4, 'time_stamp': 1624459500, 'id': 125833949, 'user_id': 379165, 'target_user_id': 379165, 'user_name': 'Paul Mansour', 'room_id': 52405, 'room_name': 'The APL Orchard'}"
<Log> b'Event: User left'
<Log> b"Event details: {'event_type': 4, 'time_stamp': 1624459500, 'id': 125833950, 'user_id': 382943, 'target_user_id': 382943, 'user_name': 'RikedyP', 'room_id': 52405, 'room_name': 'The APL Orchard'}"
<Log> b'Event: User left'
<Log> b"Event details: {'event_type': 4, 'time_stamp': 1624459801, 'id': 125834093, 'user_id': 232772, 'target_user_id': 232772, 'user_name': 'dzaima', 'room_id': 52405, 'room_name': 'The APL Orchard'}"
<Log> b'    @hyper-neutrino\n    \xe2\x94\x8c\xe2\x94\x80\xe2\x94\x80\xe2\x94\x80\xe2\x94\xac\xe2\x94\x80\xe2\x94\x80\xe2\x94\x80\xe2\x94\x90\n    \xe2\x94\x821 2\xe2\x94\x822 3\xe2\x94\x82\n    \xe2\x94\x824 5\xe2\x94\x825 6\xe2\x94\x82\n    \xe2\x94\x9c\xe2\x94\x80\xe2\x94\x80\xe2\x94\x80\xe2\x94\xbc\xe2\x94\x80\xe2\x94\x80\xe2\x94\x80\xe2\x94\xa4\n    \xe2\x94\x824 5\xe2\x94\x825 6\xe2\x94\x82\n    \xe2\x94\x827 8\xe2\x94\x828 9\xe2\x94\x82\n    \xe2\x94\x94\xe2\x94\x80\xe2\x94\x80\xe2\x94\x80\xe2\x94\xb4\xe2\x94\x80\xe2\x94\x80\xe2\x94\x80\xe2\x94\x98'
@hyper-neutrino
‚îå‚îÄ‚îÄ‚îÄ‚î¨‚îÄ‚îÄ‚îÄ‚îê
‚îÇ1 2‚îÇ2 3‚îÇ
‚îÇ4 5‚îÇ5 6‚îÇ
‚îú‚îÄ‚îÄ‚îÄ‚îº‚îÄ‚îÄ‚îÄ‚î§
‚îÇ4 5‚îÇ5 6‚îÇ
‚îÇ7 8‚îÇ8 9‚îÇ
‚îî‚îÄ‚îÄ‚îÄ‚î¥‚îÄ‚îÄ‚îÄ‚îò
<Log> b'Websocket closed unexpectedly for room 52405'
Exception in thread Thread-2:
Traceback (most recent call last):
  File "/usr/lib/python3.8/threading.py", line 932, in _bootstrap_inner
<Log> b'Websocket closed unexpectedly for room 1'
    self.run()
Exception in thread Thread-1:
Traceback (most recent call last):
  File "/usr/lib/python3.8/threading.py", line 932, in _bootstrap_inner
  File "/usr/lib/python3.8/threading.py", line 870, in run
    self.run()
  File "/usr/lib/python3.8/threading.py", line 870, in run
    self._target(*self._args, **self._kwargs)
  File "/home/hyper-neutrino/workspace/apl-bot/chatbot.py", line 176, in run
    self._target(*self._args, **self._kwargs)
  File "/home/hyper-neutrino/workspace/apl-bot/chatbot.py", line 176, in run
    a=json.loads(a)
  File "/usr/lib/python3.8/json/__init__.py", line 341, in loads
    raise TypeError(f'the JSON object must be str, bytes or bytearray, '
TypeError: the JSON object must be str, bytes or bytearray, not dict
    a=json.loads(a)
  File "/usr/lib/python3.8/json/__init__.py", line 341, in loads
    raise TypeError(f'the JSON object must be str, bytes or bytearray, '
TypeError: the JSON object must be str, bytes or bytearray, not dict
hyper-neutrino@ubuntu:~/workspace/apl-bot$ 
hyper-neutrino@ubuntu:~/workspace/apl-bot$ python3 aplbot.py 
<Log> b'--- NEW LOGIN ---'
Password for the encrypted credidentials ? 
<Log> b'Credidentials retrieved successfully'
<Log> b'Logging to SE - OK'
<Log> b'Loading SE profile - OK'
<Log> b'Got chat fkey : 8218b13eee478f2d1d27dc62a8309dae'
<Log> b'Login to the SE chat successful'
{"url":"wss://chat.sockets.stackexchange.com/events/1/513dee0cbf9546fbad361d7a6c62a52c"}
{"url":"wss://chat.sockets.stackexchange.com/events/52405/460392b457aa48eda4224b4ce83dda16"}
<Log> b':58423048 `42`'
<Log> b':58423061 Response looks like a 1-by-43 matrix of whitespace characters.'
<Log> b':58423075 Response is empty.'
<Log> b':58423086 Response consists of 5 empty lines'
^CException ignored in: <module 'threading' from '/usr/lib/python3.8/threading.py'>
Traceback (most recent call last):
  File "/usr/lib/python3.8/threading.py", line 1388, in _shutdown
    lock.acquire()
KeyboardInterrupt: 
hyper-neutrino@ubuntu:~/workspace/apl-bot$ ^C
hyper-neutrino@ubuntu:~/workspace/apl-bot$ [H[Jhyper-neutrino@ubuntu:~/workspace/apl-bot$ python3 aplbot.py 
<Log> b'--- NEW LOGIN ---'
Password for the encrypted credidentials ? 
<Log> b'Credidentials retrieved successfully'
<Log> b'Logging to SE - OK'
<Log> b'Loading SE profile - OK'
<Log> b'Got chat fkey : 4806ea26d541723a21b3016d37007330'
<Log> b'Login to the SE chat successful'
{"url":"wss://chat.sockets.stackexchange.com/events/1/3c3c1f0bcabd4fc4bba13bc0350ea597"}
{"url":"wss://chat.sockets.stackexchange.com/events/52405/0b5d132581794e76a428607a469a6438"}
<Log> b':58423091 Response looks like a 0-by-0 matrix.'
<Log> b':58423100 Response looks like a 0-by-0 matrix.'
<Log> b':58423105 Response consists of 11 empty lines'
^CException ignored in: <module 'threading' from '/usr/lib/python3.8/threading.py'>
Traceback (most recent call last):
  File "/usr/lib/python3.8/threading.py", line 1388, in _shutdown
    lock.acquire()
KeyboardInterrupt: 
hyper-neutrino@ubuntu:~/workspace/apl-bot$ ^C
hyper-neutrino@ubuntu:~/workspace/apl-bot$ [H[Jhyper-neutrino@ubuntu:~/workspace/apl-bot$ python3 aplbot.py 
<Log> b'--- NEW LOGIN ---'
Password for the encrypted credidentials ? 
<Log> b'Credidentials retrieved successfully'
<Log> b'Logging to SE - OK'
<Log> b'Loading SE profile - OK'
<Log> b'Got chat fkey : 100bf4a6d4938d8ac15f8cb9647067dd'
<Log> b'Login to the SE chat successful'
{"url":"wss://chat.sockets.stackexchange.com/events/1/e5e2475144d74c48a1a3db03607ee571"}
{"url":"wss://chat.sockets.stackexchange.com/events/52405/128a44afb35e486990900c57126f8113"}
<Log> b':58423119 Response looks like a 5-by-0 matrix.'
<Log> b"    @Ad\xc3\xa1m\n    DOMAIN ERROR: JSON import: unexpected end of input\n           \xe2\x8e\x95JSON\xe2\x8d\xa0'HighRank' 'Split'\xe2\x8d\x950 5\xe2\x8d\xb4'' \xe2\x8b\x84 \xe2\x8b\x84 \xe2\x8e\x95JSON\xe2\x8d\xa0'HighRank' 'Split'\xe2\x8d\x950 0\xe2\x8d\xb4''\n          \xe2\x88\xa7                                 "
@Ad&#225;m
DOMAIN ERROR: JSON import: unexpected end of input
‚éïJSON‚ç†&#39;HighRank&#39; &#39;Split&#39;‚çï0 5‚ç¥&#39;&#39; ‚ãÑ ‚ãÑ ‚éïJSON‚ç†&#39;HighRank&#39; &#39;Split&#39;‚çï0 0‚ç¥&#39;&#39;
‚àß
<Log> b"    @Ad\xc3\xa1m\n    DOMAIN ERROR: JSON import: unexpected end of input\n           0 \xe2\x8e\x95JSON\xe2\x8d\xa0'HighRank' 'Split'\xe2\x8d\x950 5\xe2\x8d\xb4'' \xe2\x8b\x84 \xe2\x8b\x84 0 \xe2\x8e\x95JSON\xe2\x8d\xa0'HighRank' 'Split'\xe2\x8d\x950 0\xe2\x8d\xb4''\n            \xe2\x88\xa7                                   "
@Ad&#225;m
DOMAIN ERROR: JSON import: unexpected end of input
0 ‚éïJSON‚ç†&#39;HighRank&#39; &#39;Split&#39;‚çï0 5‚ç¥&#39;&#39; ‚ãÑ ‚ãÑ 0 ‚éïJSON‚ç†&#39;HighRank&#39; &#39;Split&#39;‚çï0 0‚ç¥&#39;&#39;
‚àß
<Log> b'    @Ad\xc3\xa1m\n    []\n    []'
@Ad&#225;m
[]
[]
<Log> b'Event: User left'
<Log> b"Event details: {'event_type': 4, 'time_stamp': 1624463401, 'id': 125835786, 'user_id': 464678, 'target_user_id': 464678, 'user_name': 'Marshall', 'room_id': 52405, 'room_name': 'The APL Orchard'}"
<Log> b'Event: User left'
<Log> b"Event details: {'event_type': 4, 'time_stamp': 1624464001, 'id': 125835978, 'user_id': 468262, 'target_user_id': 468262, 'user_name': 'user', 'room_id': 52405, 'room_name': 'The APL Orchard'}"
<Log> b'Event: User left'
<Log> b"Event details: {'event_type': 4, 'time_stamp': 1624464900, 'id': 125836508, 'user_id': 514073, 'target_user_id': 514073, 'user_name': 'Marek Kowalczyk', 'room_id': 52405, 'room_name': 'The APL Orchard'}"
<Log> b'Event: User left'
<Log> b"Event details: {'event_type': 4, 'time_stamp': 1624465571, 'id': 125836882, 'user_id': 455327, 'target_user_id': 455327, 'user_name': 'Ollie', 'room_id': 1, 'room_name': 'Sandbox'}"
<Log> b'Event: Message starred/unstarred'
<Log> b'Event details: {\'event_type\': 6, \'time_stamp\': 1624465526, \'content\': \'The <a href="https://twitter.com/dyalogaplbot/status/1407272520919797762" rel="nofollow noopener noreferrer">twitter bot</a> is now hosted and stable(r), so feel free to mention it in your tweets if you need code evaluated :P\', \'id\': 125837025, \'room_id\': 52405, \'room_name\': \'The APL Orchard\', \'message_id\': 58423665, \'message_stars\': 1}'
<Log> b'Event: Message starred/unstarred'
<Log> b'Event details: {\'event_type\': 6, \'time_stamp\': 1624465526, \'content\': \'The <a href="https://twitter.com/dyalogaplbot/status/1407272520919797762" rel="nofollow noopener noreferrer">twitter bot</a> is now hosted and stable(r), so feel free to mention it in your tweets if you need code evaluated :P\', \'id\': 125837034, \'room_id\': 52405, \'room_name\': \'The APL Orchard\', \'message_id\': 58423665, \'message_stars\': 2}'
<Log> b'Event: User joined'
<Log> b"Event details: {'event_type': 3, 'time_stamp': 1624466075, 'id': 125837128, 'user_id': 464678, 'target_user_id': 464678, 'user_name': 'Marshall', 'room_id': 52405, 'room_name': 'The APL Orchard'}"
<Log> b'    @Ad\xc3\xa1m\n    NOT PERMITTED: Illegal token\n           </code>or<code>\xe2\x8e\x95\xe2\x86\x90\n         ^'
@Ad&#225;m
NOT PERMITTED: Illegal token
&lt;/code&gt;or&lt;code&gt;‚éï&larr;
^
<Log> b'    @hyper-neutrino\n    NOT PERMITTED: Illegal token\n          \xe2\x8e\x95\xe2\x86\x90`\n         ^'
<Log> b'Event: Bot was replied to'
<Log> b"Event details: {'event_type': 18, 'time_stamp': 1624466208, 'content': '@ExperimentalAPLBot For a second there I was confused and thought my bot misbehaved :P', 'id': 125837206, 'user_id': 245191, 'target_user_id': 296403, 'user_name': 'RGS', 'room_id': 52405, 'room_name': 'The APL Orchard', 'message_id': 58423819, 'parent_id': 58423793, 'show_parent': True}"
@hyper-neutrino
NOT PERMITTED: Illegal token
‚éï&larr;`
^
<Log> b'Event: Bot was replied to'
<Log> b"Event details: {'event_type': 18, 'time_stamp': 1624466208, 'content': '@ExperimentalAPLBot For a second there I was confused and thought my bot misbehaved :P', 'id': 125837206, 'user_id': 245191, 'target_user_id': 296403, 'user_name': 'RGS', 'room_id': 52405, 'room_name': 'The APL Orchard', 'message_id': 58423819, 'parent_id': 58423793, 'show_parent': True}"
^CException ignored in: <module 'threading' from '/usr/lib/python3.8/threading.py'>
Traceback (most recent call last):
  File "/usr/lib/python3.8/threading.py", line 1388, in _shutdown
    lock.acquire()
KeyboardInterrupt: 
hyper-neutrino@ubuntu:~/workspace/apl-bot$ ^C
hyper-neutrino@ubuntu:~/workspace/apl-bot$ [H[Jhyper-neutrino@ubuntu:~/workspace/apl-bot$ python3 aplbot.py 
<Log> b'--- NEW LOGIN ---'
Password for the encrypted credidentials ? 
<Log> b'Credidentials retrieved successfully'
<Log> b'Logging to SE - OK'
<Log> b'Loading SE profile - OK'
<Log> b'Got chat fkey : bdae149f8863d5a658adea4a41adadf2'
<Log> b'Login to the SE chat successful'
{"url":"wss://chat.sockets.stackexchange.com/events/1/242eb1fcffed49feacbf1f6e00746f07"}
{"url":"wss://chat.sockets.stackexchange.com/events/52405/fef0659b9a43405caac37f64d8ee9065"}
Exception in thread Thread-1:
Traceback (most recent call last):
  File "/usr/lib/python3.8/threading.py", line 932, in _bootstrap_inner
    self.run()
  File "/usr/lib/python3.8/threading.py", line 870, in run
    self._target(*self._args, **self._kwargs)
  File "/home/hyper-neutrino/workspace/apl-bot/chatbot.py", line 180, in run
    self.handleActivity(a)
  File "/home/hyper-neutrino/workspace/apl-bot/chatbot.py", line 189, in handleActivity
    self.onActivity(activity)
  File "aplbot.py", line 39, in _inner
    for block in re.findall(r"<code>((‚éï&larr;|‚ãÑ).+*)</code>", x["content"]):
  File "/usr/lib/python3.8/re.py", line 241, in findall
    return _compile(pattern, flags).findall(string)
  File "/usr/lib/python3.8/re.py", line 304, in _compile
    p = sre_compile.compile(pattern, flags)
  File "/usr/lib/python3.8/sre_compile.py", line 764, in compile
    p = sre_parse.parse(p, flags)
  File "/usr/lib/python3.8/sre_parse.py", line 948, in parse
    p = _parse_sub(source, state, flags & SRE_FLAG_VERBOSE, 0)
  File "/usr/lib/python3.8/sre_parse.py", line 443, in _parse_sub
    itemsappend(_parse(source, state, verbose, nested + 1,
  File "/usr/lib/python3.8/sre_parse.py", line 834, in _parse
    p = _parse_sub(source, state, sub_verbose, nested + 1)
  File "/usr/lib/python3.8/sre_parse.py", line 443, in _parse_sub
    itemsappend(_parse(source, state, verbose, nested + 1,
  File "/usr/lib/python3.8/sre_parse.py", line 671, in _parse
    raise source.error("multiple repeat",
re.error: multiple repeat at position 20
^CException ignored in: <module 'threading' from '/usr/lib/python3.8/threading.py'>
Traceback (most recent call last):
  File "/usr/lib/python3.8/threading.py", line 1388, in _shutdown
    lock.acquire()
KeyboardInterrupt: 
hyper-neutrino@ubuntu:~/workspace/apl-bot$ ^C
hyper-neutrino@ubuntu:~/workspace/apl-bot$ [H[Jhyper-neutrino@ubuntu:~/workspace/apl-bot$ python3 aplbot.py 
<Log> b'--- NEW LOGIN ---'
Password for the encrypted credidentials ? 
<Log> b'Credidentials retrieved successfully'
<Log> b'Logging to SE - OK'
<Log> b'Loading SE profile - OK'
<Log> b'Got chat fkey : f0ff8422bc11e99f4f7b6068cdc33ba8'
<Log> b'Login to the SE chat successful'
{"url":"wss://chat.sockets.stackexchange.com/events/1/71e0f2e51309421e825c413b896e7713"}
{"url":"wss://chat.sockets.stackexchange.com/events/52405/357c2753b7bd45128f382049ff004b95"}
<Log> b':58423874 `43`'
<Log> b'    @hyper-neutrino\n    3\n    1 2 3'
@hyper-neutrino
3
1 2 3
<Log> b':58423888 `42`'
<Log> b':58423894 `\\`\xe2\x8e\x95\xe2\x86\x90\\``'
<Log> b':58423964 Response looks like a 0-by-0 matrix.'
<Log> b':58423991 `hello \xe2\x8d\x9d world`'
<Log> b':58424012 `9.077158`'
<Log> b'Event: User left'
<Log> b"Event details: {'event_type': 4, 'time_stamp': 1624467001, 'id': 125837720, 'user_id': 464678, 'target_user_id': 464678, 'user_name': 'Marshall', 'room_id': 52405, 'room_name': 'The APL Orchard'}"
^CException ignored in: <module 'threading' from '/usr/lib/python3.8/threading.py'>
Traceback (most recent call last):
  File "/usr/lib/python3.8/threading.py", line 1388, in _shutdown
    lock.acquire()
KeyboardInterrupt: 
hyper-neutrino@ubuntu:~/workspace/apl-bot$ ^C
hyper-neutrino@ubuntu:~/workspace/apl-bot$ [H[Jhyper-neutrino@ubuntu:~/workspace/apl-bot$ python3 aplbot.py 
<Log> b'--- NEW LOGIN ---'
Password for the encrypted credidentials ? 
<Log> b'Credidentials retrieved successfully'
<Log> b'Logging to SE - OK'
<Log> b'Loading SE profile - OK'
<Log> b'Got chat fkey : 6fa8e99afa93710a91594421ba65095a'
<Log> b'Login to the SE chat successful'
{"url":"wss://chat.sockets.stackexchange.com/events/1/c49aef5ac15e4f68921ef1cf24d48143"}
{"url":"wss://chat.sockets.stackexchange.com/events/52405/ad1b61bbf214429e8408b10dfd4ed507"}
<Log> b':58424066 Response looks like a 0-by-0 matrix.'
^CException ignored in: <module 'threading' from '/usr/lib/python3.8/threading.py'>
Traceback (most recent call last):
  File "/usr/lib/python3.8/threading.py", line 1388, in _shutdown
    lock.acquire()
KeyboardInterrupt: 
hyper-neutrino@ubuntu:~/workspace/apl-bot$ ^C
hyper-neutrino@ubuntu:~/workspace/apl-bot$ [H[Jhyper-neutrino@ubuntu:~/workspace/apl-bot$ python3 aplbot.py 
<Log> b'--- NEW LOGIN ---'
Password for the encrypted credidentials ? 
<Log> b'Credidentials retrieved successfully'
<Log> b'Logging to SE - OK'
<Log> b'Loading SE profile - OK'
<Log> b'Got chat fkey : e65e6279e59ae4bb4f25a85da1edc88f'
<Log> b'Login to the SE chat successful'
{"url":"wss://chat.sockets.stackexchange.com/events/1/2746ee9d8421459993d60253a01325ae"}
{"url":"wss://chat.sockets.stackexchange.com/events/52405/3666236591a3425fabf0ebd1a9161e45"}
<Log> b':58424071 `42`'
<Log> b':58424078 `3`'
<Log> b':58424083 `hello \xe2\x8d\x9d world`'
<Log> b":58424089 `hi'\xe2\x8d\x9d'world`"
<Log> b'Event: User left'
<Log> b"Event details: {'event_type': 4, 'time_stamp': 1624467300, 'id': 125837855, 'user_id': 470812, 'target_user_id': 470812, 'user_name': 'rak1507', 'room_id': 52405, 'room_name': 'The APL Orchard'}"
<Log> b'    @Ad\xc3\xa1m\n    \xe2\x94\x8c\xe2\x94\x80\xe2\x94\x80\xe2\x94\x80\xe2\x94\x80\xe2\x94\x80\xe2\x94\x80\xe2\x94\x80\xe2\x94\x80\xe2\x94\x80\xe2\x94\x80\xe2\x94\x80\xe2\x94\x80\xe2\x94\x80\xe2\x94\x80\xe2\x94\x80\xe2\x94\x80\xe2\x94\x90\n    \xe2\x94\x826\xe6\x9c\x88 23 (\xe6\xb0\xb4) \xe5\x8d\x88\xe5\xbe\x8c4:55\xe2\x94\x82\n    \xe2\x94\x94\xe2\x94\x80\xe2\x94\x80\xe2\x94\x80\xe2\x94\x80\xe2\x94\x80\xe2\x94\x80\xe2\x94\x80\xe2\x94\x80\xe2\x94\x80\xe2\x94\x80\xe2\x94\x80\xe2\x94\x80\xe2\x94\x80\xe2\x94\x80\xe2\x94\x80\xe2\x94\x80\xe2\x94\x98'
@Ad&#225;m
‚îå‚îÄ‚îÄ‚îÄ‚îÄ‚îÄ‚îÄ‚îÄ‚îÄ‚îÄ‚îÄ‚îÄ‚îÄ‚îÄ‚îÄ‚îÄ‚îÄ‚îê
‚îÇ6Êúà 23 (Ê∞¥) ÂçàÂæå4:55‚îÇ
‚îî‚îÄ‚îÄ‚îÄ‚îÄ‚îÄ‚îÄ‚îÄ‚îÄ‚îÄ‚îÄ‚îÄ‚îÄ‚îÄ‚îÄ‚îÄ‚îÄ‚îò
<Log> b':58424119 `6\xe6\x9c\x8823 (\xe6\xb0\xb4) \xe5\x8d\x88\xe5\xbe\x8c4:56`'
<Log> b':58424186 `6\xe6\x9c\x88 24 (\xe6\x9c\xa8) \xe5\x8d\x88\xe5\x89\x8d2:00`'
<Log> b"    @hyper-neutrino\n    SYNTAX ERROR: The function requires a left argument\n          \xe2\x8e\x95\xe2\x86\x90\xe2\x8e\x95DT'J'\n           \xe2\x88\xa7"
@hyper-neutrino
SYNTAX ERROR: The function requires a left argument
‚éï&larr;‚éïDT&#39;J&#39;
‚àß
<Log> b':58424222 `44369.70999`'
<Log> b':58424226 `9.746806533E10`'
<Log> b':58424232 `1`'
<Log> b"    @hyper-neutrino\n    LENGTH ERROR: Invalid left argument\n          \xe2\x8e\x95\xe2\x86\x900 1 2 3 4 5 \xe2\x8e\x95DT'J'\n                       \xe2\x88\xa7"
@hyper-neutrino
LENGTH ERROR: Invalid left argument
‚éï&larr;0 1 2 3 4 5 ‚éïDT&#39;J&#39;
‚àß
<Log> b"    @Ad\xc3\xa1m\n    NOT PERMITTED: Illegal token\n          \xe2\x8e\x95\xe2\x86\x90\xe2\x8e\x95\xe2\x86\x900 1 2 3 4 5 \xe2\x8e\x95DT\xc2\xa8'J'\n         ^"
@Ad&#225;m
NOT PERMITTED: Illegal token
‚éï&larr;‚éï&larr;0 1 2 3 4 5 ‚éïDT&#168;&#39;J&#39;
^
<Log> b"    @hyper-neutrino\n    DOMAIN ERROR: Invalid output date-time type specification\n          \xe2\x8e\x95\xe2\x86\x900 1 2 3 4 5 \xe2\x8e\x95DT\xc2\xa8'J'\n                       \xe2\x88\xa7"
@hyper-neutrino
DOMAIN ERROR: Invalid output date-time type specification
‚éï&larr;0 1 2 3 4 5 ‚éïDT&#168;&#39;J&#39;
‚àß
<Log> b"    @hyper-neutrino\n    DOMAIN ERROR: Invalid output date-time type specification\n          \xe2\x8e\x95\xe2\x86\x900 1 2 3 4 \xe2\x8e\x95DT\xc2\xa8'J'\n                     \xe2\x88\xa7"
@hyper-neutrino
DOMAIN ERROR: Invalid output date-time type specification
‚éï&larr;0 1 2 3 4 ‚éïDT&#168;&#39;J&#39;
‚àß
<Log> b"    @Ad\xc3\xa1m\n    DOMAIN ERROR: Invalid output date-time type specification\n          \xe2\x8e\x95\xe2\x86\x901 2 10 11 12 13 14 20 30 31 32 33 40 41 42 \xe2\x8e\x95DT\xc2\xa8'J'\n                                                      \xe2\x88\xa7"
@Ad&#225;m
DOMAIN ERROR: Invalid output date-time type specification
‚éï&larr;1 2 10 11 12 13 14 20 30 31 32 33 40 41 42 ‚éïDT&#168;&#39;J&#39;
‚àß
<Log> b':58424288 `44369.71238 9.746807698E10 6.777831497E17 \xc2\xaf7.959925031E10 1.62446795E12 18801.71238 1624467949 1389856952 1.326894155E17 6.376006475E17 44370.71238 44370.71238 42908.71238 1.94008715E12 1.384384715E10 1940087149 2459389.212`'
<Log> b"    @hyper-neutrino\n    DOMAIN ERROR: Unknown language 'cn'\n          \xe2\x8e\x95\xe2\x86\x90\xe2\x8a\x83'__cn__Mmm DD (Ddd) ppt:mm'(1200\xe2\x8c\xb6)1 \xe2\x8e\x95DT'Q'\n                                       \xe2\x88\xa7"
@hyper-neutrino
DOMAIN ERROR: Unknown language &#39;cn&#39;
‚éï&larr;‚äÉ&#39;__cn__Mmm DD (Ddd) ppt:mm&#39;(1200‚å∂)1 ‚éïDT&#39;Q&#39;
‚àß
<Log> b':58424310 `6\xe6\x9c\x88 23 (\xe5\x91\xa8\xe4\xb8\x89) \xe4\xb8\x8b\xe5\x8d\x881:06`'
<Log> b':58424414 `20210623.17`'
<Log> b'    @Ad\xc3\xa1m\n     20210623.171255'
@Ad&#225;m
20210623.171255
<Log> b'    @Ad\xc3\xa1m\n    \xe2\x94\x8c\xe2\x94\x80\xe2\x94\x80\xe2\x94\x80\xe2\x94\x80\xe2\x94\x80\xe2\x94\x80\xe2\x94\x80\xe2\x94\x80\xe2\x94\x80\xe2\x94\x80\xe2\x94\x80\xe2\x94\x80\xe2\x94\x80\xe2\x94\x80\xe2\x94\x80\xe2\x94\x80\xe2\x94\x80\xe2\x94\x80\xe2\x94\x80\xe2\x94\x80\xe2\x94\x80\xe2\x94\x80\xe2\x94\x80\xe2\x94\x80\xe2\x94\xac\xe2\x94\x80\xe2\x94\x80\xe2\x94\x80\xe2\x94\x80\xe2\x94\x80\xe2\x94\x80\xe2\x94\x80\xe2\x94\x80\xe2\x94\x80\xe2\x94\x80\xe2\x94\x80\xe2\x94\x80\xe2\x94\x80\xe2\x94\x80\xe2\x94\x80\xe2\x94\x80\xe2\x94\x80\xe2\x94\x80\xe2\x94\x80\xe2\x94\x80\xe2\x94\x80\xe2\x94\x80\xe2\x94\x80\xe2\x94\x80\xe2\x94\x80\xe2\x94\x80\xe2\x94\x80\xe2\x94\xac\xe2\x94\x80\xe2\x94\x80\xe2\x94\x80\xe2\x94\x80\xe2\x94\x80\xe2\x94\x80\xe2\x94\x80\xe2\x94\x80\xe2\x94\x80\xe2\x94\x80\xe2\x94\x80\xe2\x94\x80\xe2\x94\x80\xe2\x94\x80\xe2\x94\x80\xe2\x94\x80\xe2\x94\x80\xe2\x94\x80\xe2\x94\x80\xe2\x94\x80\xe2\x94\x80\xe2\x94\x80\xe2\x94\x80\xe2\x94\x80\xe2\x94\x80\xe2\x94\x80\xe2\x94\x80\xe2\x94\x80\xe2\x94\x80\xe2\x94\x80\xe2\x94\xac\xe2\x94\x80\xe2\x94\x80\xe2\x94\x80\xe2\x94\x80\xe2\x94\x80\xe2\x94\x80\xe2\x94\x80\xe2\x94\x80\xe2\x94\x80\xe2\x94\x80\xe2\x94\x80\xe2\x94\x80\xe2\x94\x80\xe2\x94\x80\xe2\x94\x80\xe2\x94\x80\xe2\x94\x80\xe2\x94\x80\xe2\x94\x80\xe2\x94\x80\xe2\x94\x80\xe2\x94\x80\xe2\x94\x80\xe2\x94\x80\xe2\x94\x80\xe2\x94\x80\xe2\x94\xac\xe2\x94\x80\xe2\x94\x80\xe2\x94\x80\xe2\x94\x80\xe2\x94\x80\xe2\x94\x80\xe2\x94\x80\xe2\x94\x80\xe2\x94\x80\xe2\x94\x80\xe2\x94\x80\xe2\x94\x80\xe2\x94\x80\xe2\x94\x80\xe2\x94\x80\xe2\x94\x80\xe2\x94\x80\xe2\x94\x80\xe2\x94\x80\xe2\x94\x80\xe2\x94\x80\xe2\x94\x80\xe2\x94\x80\xe2\x94\x80\xe2\x94\x80\xe2\x94\x80\xe2\x94\x80\xe2\x94\xac\xe2\x94\x80\xe2\x94\x80\xe2\x94\x80\xe2\x94\x80\xe2\x94\x80\xe2\x94\x80\xe2\x94\x80\xe2\x94\x80\xe2\x94\x80\xe2\x94\x80\xe2\x94\x80\xe2\x94\x80\xe2\x94\x80\xe2\x94\x80\xe2\x94\x80\xe2\x94\x80\xe2\x94\x80\xe2\x94\xac\xe2\x94\x80\xe2\x94\x80\xe2\x94\x80\xe2\x94\x80\xe2\x94\x80\xe2\x94\x80\xe2\x94\x80\xe2\x94\x80\xe2\x94\x80\xe2\x94\x80\xe2\x94\x80\xe2\x94\x80\xe2\x94\x80\xe2\x94\x80\xe2\x94\x80\xe2\x94\x80\xe2\x94\x90\n    \xe2\x94\x82\xe2\x94\x8c\xe2\x94\x80\xe2\x94\x80\xe2\x94\x80\xe2\x94\x80\xe2\x94\x80\xe2\x94\x80\xe2\x94\x80\xe2\x94\x80\xe2\x94\x80\xe2\x94\x80\xe2\x94\x80\xe2\x94\x80\xe2\x94\x80\xe2\x94\x80\xe2\x94\x80\xe2\x94\x80\xe2\x94\x80\xe2\x94\x80\xe2\x94\x80\xe2\x94\x80\xe2\x94\x80\xe2\x94\x80\xe2\x94\x90\xe2\x94\x82\xe2\x94\x8c\xe2\x94\x80\xe2\x94\x80\xe2\x94\x80\xe2\x94\x80\xe2\x94\x80\xe2\x94\x80\xe2\x94\x80\xe2\x94\x80\xe2\x94\x80\xe2\x94\x80\xe2\x94\x80\xe2\x94\x80\xe2\x94\x80\xe2\x94\x80\xe2\x94\x80\xe2\x94\x80\xe2\x94\x80\xe2\x94\x80\xe2\x94\x80\xe2\x94\x80\xe2\x94\x80\xe2\x94\x80\xe2\x94\x80\xe2\x94\x80\xe2\x94\x80\xe2\x94\x90\xe2\x94\x82\xe2\x94\x8c\xe2\x94\x80\xe2\x94\x80\xe2\x94\x80\xe2\x94\x80\xe2\x94\x80\xe2\x94\x80\xe2\x94\x80\xe2\x94\x80\xe2\x94\x80\xe2\x94\x80\xe2\x94\x80\xe2\x94\x80\xe2\x94\x80\xe2\x94\x80\xe2\x94\x80\xe2\x94\x80\xe2\x94\x80\xe2\x94\x80\xe2\x94\x80\xe2\x94\x80\xe2\x94\x80\xe2\x94\x80\xe2\x94\x80\xe2\x94\x80\xe2\x94\x80\xe2\x94\x80\xe2\x94\x80\xe2\x94\x80\xe2\x94\x90\xe2\x94\x82\xe2\x94\x8c\xe2\x94\x80\xe2\x94\x80\xe2\x94\x80\xe2\x94\x80\xe2\x94\x80\xe2\x94\x80\xe2\x94\x80\xe2\x94\x80\xe2\x94\x80\xe2\x94\x80\xe2\x94\x80\xe2\x94\x80\xe2\x94\x80\xe2\x94\x80\xe2\x94\x80\xe2\x94\x80\xe2\x94\x80\xe2\x94\x80\xe2\x94\x80\xe2\x94\x80\xe2\x94\x80\xe2\x94\x80\xe2\x94\x80\xe2\x94\x80\xe2\x94\x90\xe2\x94\x82\xe2\x94\x8c\xe2\x94\x80\xe2\x94\x80\xe2\x94\x80\xe2\x94\x80\xe2\x94\x80\xe2\x94\x80\xe2\x94\x80\xe2\x94\x80\xe2\x94\x80\xe2\x94\x80\xe2\x94\x80\xe2\x94\x80\xe2\x94\x80\xe2\x94\x80\xe2\x94\x80\xe2\x94\x80\xe2\x94\x80\xe2\x94\x80\xe2\x94\x80\xe2\x94\x80\xe2\x94\x80\xe2\x94\x80\xe2\x94\x80\xe2\x94\x80\xe2\x94\x80\xe2\x94\x90\xe2\x94\x82\xe2\x94\x8c\xe2\x94\x80\xe2\x94\x80\xe2\x94\x80\xe2\x94\x80\xe2\x94\x80\xe2\x94\x80\xe2\x94\x80\xe2\x94\x80\xe2\x94\x80\xe2\x94\x80\xe2\x94\x80\xe2\x94\x80\xe2\x94\x80\xe2\x94\x80\xe2\x94\x80\xe2\x94\x90\xe2\x94\x82\xe2\x94\x8c\xe2\x94\x80\xe2\x94\x80\xe2\x94\x80\xe2\x94\x80\xe2\x94\x80\xe2\x94\x80\xe2\x94\x80\xe2\x94\x80\xe2\x94\x80\xe2\x94\x80\xe2\x94\x80\xe2\x94\x80\xe2\x94\x80\xe2\x94\x80\xe2\x94\x90\xe2\x94\x82\n    \xe2\x94\x82\xe2\x94\x822021 6 23 17 14 41 414\xe2\x94\x82\xe2\x94\x82\xe2\x94\x822021 6 23 17 14 41 414733\xe2\x94\x82\xe2\x94\x82\xe2\x94\x822021 6 23 17 14 41 414734000\xe2\x94\x82\xe2\x94\x82\xe2\x94\x822021 174 17 14 41 414736\xe2\x94\x82\xe2\x94\x82\xe2\x94\x822021 25 3 17 14 41 414737\xe2\x94\x82\xe2\x94\x82\xe2\x94\x8220210623 171441\xe2\x94\x82\xe2\x94\x82\xe2\x94\x8244369 17 14 41\xe2\x94\x82\xe2\x94\x82\n    \xe2\x94\x82\xe2\x94\x94\xe2\x94\x80\xe2\x94\x80\xe2\x94\x80\xe2\x94\x80\xe2\x94\x80\xe2\x94\x80\xe2\x94\x80\xe2\x94\x80\xe2\x94\x80\xe2\x94\x80\xe2\x94\x80\xe2\x94\x80\xe2\x94\x80\xe2\x94\x80\xe2\x94\x80\xe2\x94\x80\xe2\x94\x80\xe2\x94\x80\xe2\x94\x80\xe2\x94\x80\xe2\x94\x80\xe2\x94\x80\xe2\x94\x98\xe2\x94\x82\xe2\x94\x94\xe2\x94\x80\xe2\x94\x80\xe2\x94\x80\xe2\x94\x80\xe2\x94\x80\xe2\x94\x80\xe2\x94\x80\xe2\x94\x80\xe2\x94\x80\xe2\x94\x80\xe2\x94\x80\xe2\x94\x80\xe2\x94\x80\xe2\x94\x80\xe2\x94\x80\xe2\x94\x80\xe2\x94\x80\xe2\x94\x80\xe2\x94\x80\xe2\x94\x80\xe2\x94\x80\xe2\x94\x80\xe2\x94\x80\xe2\x94\x80\xe2\x94\x80\xe2\x94\x98\xe2\x94\x82\xe2\x94\x94\xe2\x94\x80\xe2\x94\x80\xe2\x94\x80\xe2\x94\x80\xe2\x94\x80\xe2\x94\x80\xe2\x94\x80\xe2\x94\x80\xe2\x94\x80\xe2\x94\x80\xe2\x94\x80\xe2\x94\x80\xe2\x94\x80\xe2\x94\x80\xe2\x94\x80\xe2\x94\x80\xe2\x94\x80\xe2\x94\x80\xe2\x94\x80\xe2\x94\x80\xe2\x94\x80\xe2\x94\x80\xe2\x94\x80\xe2\x94\x80\xe2\x94\x80\xe2\x94\x80\xe2\x94\x80\xe2\x94\x80\xe2\x94\x98\xe2\x94\x82\xe2\x94\x94\xe2\x94\x80\xe2\x94\x80\xe2\x94\x80\xe2\x94\x80\xe2\x94\x80\xe2\x94\x80\xe2\x94\x80\xe2\x94\x80\xe2\x94\x80\xe2\x94\x80\xe2\x94\x80\xe2\x94\x80\xe2\x94\x80\xe2\x94\x80\xe2\x94\x80\xe2\x94\x80\xe2\x94\x80\xe2\x94\x80\xe2\x94\x80\xe2\x94\x80\xe2\x94\x80\xe2\x94\x80\xe2\x94\x80\xe2\x94\x80\xe2\x94\x98\xe2\x94\x82\xe2\x94\x94\xe2\x94\x80\xe2\x94\x80\xe2\x94\x80\xe2\x94\x80\xe2\x94\x80\xe2\x94\x80\xe2\x94\x80\xe2\x94\x80\xe2\x94\x80\xe2\x94\x80\xe2\x94\x80\xe2\x94\x80\xe2\x94\x80\xe2\x94\x80\xe2\x94\x80\xe2\x94\x80\xe2\x94\x80\xe2\x94\x80\xe2\x94\x80\xe2\x94\x80\xe2\x94\x80\xe2\x94\x80\xe2\x94\x80\xe2\x94\x80\xe2\x94\x80\xe2\x94\x98\xe2\x94\x82\xe2\x94\x94\xe2\x94\x80\xe2\x94\x80\xe2\x94\x80\xe2\x94\x80\xe2\x94\x80\xe2\x94\x80\xe2\x94\x80\xe2\x94\x80\xe2\x94\x80\xe2\x94\x80\xe2\x94\x80\xe2\x94\x80\xe2\x94\x80\xe2\x94\x80\xe2\x94\x80\xe2\x94\x98\xe2\x94\x82\xe2\x94\x94\xe2\x94\x80\xe2\x94\x80\xe2\x94\x80\xe2\x94\x80\xe2\x94\x80\xe2\x94\x80\xe2\x94\x80\xe2\x94\x80\xe2\x94\x80\xe2\x94\x80\xe2\x94\x80\xe2\x94\x80\xe2\x94\x80\xe2\x94\x80\xe2\x94\x98\xe2\x94\x82\n    \xe2\x94\x94\xe2\x94\x80\xe2\x94\x80\xe2\x94\x80\xe2\x94\x80\xe2\x94\x80\xe2\x94\x80\xe2\x94\x80\xe2\x94\x80\xe2\x94\x80\xe2\x94\x80\xe2\x94\x80\xe2\x94\x80\xe2\x94\x80\xe2\x94\x80\xe2\x94\x80\xe2\x94\x80\xe2\x94\x80\xe2\x94\x80\xe2\x94\x80\xe2\x94\x80\xe2\x94\x80\xe2\x94\x80\xe2\x94\x80\xe2\x94\x80\xe2\x94\xb4\xe2\x94\x80\xe2\x94\x80\xe2\x94\x80\xe2\x94\x80\xe2\x94\x80\xe2\x94\x80\xe2\x94\x80\xe2\x94\x80\xe2\x94\x80\xe2\x94\x80\xe2\x94\x80\xe2\x94\x80\xe2\x94\x80\xe2\x94\x80\xe2\x94\x80\xe2\x94\x80\xe2\x94\x80\xe2\x94\x80\xe2\x94\x80\xe2\x94\x80\xe2\x94\x80\xe2\x94\x80\xe2\x94\x80\xe2\x94\x80\xe2\x94\x80\xe2\x94\x80\xe2\x94\x80\xe2\x94\xb4\xe2\x94\x80\xe2\x94\x80\xe2\x94\x80\xe2\x94\x80\xe2\x94\x80\xe2\x94\x80\xe2\x94\x80\xe2\x94\x80\xe2\x94\x80\xe2\x94\x80\xe2\x94\x80\xe2\x94\x80\xe2\x94\x80\xe2\x94\x80\xe2\x94\x80\xe2\x94\x80\xe2\x94\x80\xe2\x94\x80\xe2\x94\x80\xe2\x94\x80\xe2\x94\x80\xe2\x94\x80\xe2\x94\x80\xe2\x94\x80\xe2\x94\x80\xe2\x94\x80\xe2\x94\x80\xe2\x94\x80\xe2\x94\x80\xe2\x94\x80\xe2\x94\xb4\xe2\x94\x80\xe2\x94\x80\xe2\x94\x80\xe2\x94\x80\xe2\x94\x80\xe2\x94\x80\xe2\x94\x80\xe2\x94\x80\xe2\x94\x80\xe2\x94\x80\xe2\x94\x80\xe2\x94\x80\xe2\x94\x80\xe2\x94\x80\xe2\x94\x80\xe2\x94\x80\xe2\x94\x80\xe2\x94\x80\xe2\x94\x80\xe2\x94\x80\xe2\x94\x80\xe2\x94\x80\xe2\x94\x80\xe2\x94\x80\xe2\x94\x80\xe2\x94\x80\xe2\x94\xb4\xe2\x94\x80\xe2\x94\x80\xe2\x94\x80\xe2\x94\x80\xe2\x94\x80\xe2\x94\x80\xe2\x94\x80\xe2\x94\x80\xe2\x94\x80\xe2\x94\x80\xe2\x94\x80\xe2\x94\x80\xe2\x94\x80\xe2\x94\x80\xe2\x94\x80\xe2\x94\x80\xe2\x94\x80\xe2\x94\x80\xe2\x94\x80\xe2\x94\x80\xe2\x94\x80\xe2\x94\x80\xe2\x94\x80\xe2\x94\x80\xe2\x94\x80\xe2\x94\x80\xe2\x94\x80\xe2\x94\xb4\xe2\x94\x80\xe2\x94\x80\xe2\x94\x80\xe2\x94\x80\xe2\x94\x80\xe2\x94\x80\xe2\x94\x80\xe2\x94\x80\xe2\x94\x80\xe2\x94\x80\xe2\x94\x80\xe2\x94\x80\xe2\x94\x80\xe2\x94\x80\xe2\x94\x80\xe2\x94\x80\xe2\x94\x80\xe2\x94\xb4\xe2\x94\x80\xe2\x94\x80\xe2\x94\x80\xe2\x94\x80\xe2\x94\x80\xe2\x94\x80\xe2\x94\x80\xe2\x94\x80\xe2\x94\x80\xe2\x94\x80\xe2\x94\x80\xe2\x94\x80\xe2\x94\x80\xe2\x94\x80\xe2\x94\x80\xe2\x94\x80\xe2\x94\x98'
<Log> b'    @Ad\xc3\xa1m\n    2021 6 23 17 15 30 864      \n    2021 6 23 17 15 30 864159   \n    2021 6 23 17 15 30 864160000\n    2021 174 17 15 30 864162    \n    2021 25 3 17 15 30 864163   \n    20210623 171530             \n    44369 17 15 30              '
@Ad&#225;m
2021 6 23 17 15 30 864
2021 6 23 17 15 30 864159
2021 6 23 17 15 30 864160000
2021 174 17 15 30 864162
2021 25 3 17 15 30 864163
20210623 171530
44369 17 15 30
<Log> b'Event: User joined'
<Log> b"Event details: {'event_type': 3, 'time_stamp': 1624469061, 'id': 125838847, 'user_id': 490615, 'target_user_id': 490615, 'user_name': 'kimmolinna', 'room_id': 52405, 'room_name': 'The APL Orchard'}"
<Log> b'    @hyper-neutrino\n    \xe2\x94\x8c\xe2\x94\x80\xe2\x94\x80\xe2\x94\x80\xe2\x94\xac\xe2\x94\x80\xe2\x94\x80\xe2\x94\x80\xe2\x94\xac\xe2\x94\x80\xe2\x94\x80\xe2\x94\x80\xe2\x94\x90\n    \xe2\x94\x821 2\xe2\x94\x821 2\xe2\x94\x821 2\xe2\x94\x82\n    \xe2\x94\x823 4\xe2\x94\x823 4\xe2\x94\x823 4\xe2\x94\x82\n    \xe2\x94\x9c\xe2\x94\x80\xe2\x94\x80\xe2\x94\x80\xe2\x94\xbc\xe2\x94\x80\xe2\x94\x80\xe2\x94\x80\xe2\x94\xbc\xe2\x94\x80\xe2\x94\x80\xe2\x94\x80\xe2\x94\xa4\n    \xe2\x94\x821 2\xe2\x94\x821 2\xe2\x94\x821 2\xe2\x94\x82\n    \xe2\x94\x823 4\xe2\x94\x823 4\xe2\x94\x823 4\xe2\x94\x82\n    \xe2\x94\x9c\xe2\x94\x80\xe2\x94\x80\xe2\x94\x80\xe2\x94\xbc\xe2\x94\x80\xe2\x94\x80\xe2\x94\x80\xe2\x94\xbc\xe2\x94\x80\xe2\x94\x80\xe2\x94\x80\xe2\x94\xa4\n    \xe2\x94\x821 2\xe2\x94\x821 2\xe2\x94\x821 2\xe2\x94\x82\n    \xe2\x94\x823 4\xe2\x94\x823 4\xe2\x94\x823 4\xe2\x94\x82\n    \xe2\x94\x94\xe2\x94\x80\xe2\x94\x80\xe2\x94\x80\xe2\x94\xb4\xe2\x94\x80\xe2\x94\x80\xe2\x94\x80\xe2\x94\xb4\xe2\x94\x80\xe2\x94\x80\xe2\x94\x80\xe2\x94\x98'
@hyper-neutrino
‚îå‚îÄ‚îÄ‚îÄ‚î¨‚îÄ‚îÄ‚îÄ‚î¨‚îÄ‚îÄ‚îÄ‚îê
‚îÇ1 2‚îÇ1 2‚îÇ1 2‚îÇ
‚îÇ3 4‚îÇ3 4‚îÇ3 4‚îÇ
‚îú‚îÄ‚îÄ‚îÄ‚îº‚îÄ‚îÄ‚îÄ‚îº‚îÄ‚îÄ‚îÄ‚î§
‚îÇ1 2‚îÇ1 2‚îÇ1 2‚îÇ
‚îÇ3 4‚îÇ3 4‚îÇ3 4‚îÇ
‚îú‚îÄ‚îÄ‚îÄ‚îº‚îÄ‚îÄ‚îÄ‚îº‚îÄ‚îÄ‚îÄ‚î§
‚îÇ1 2‚îÇ1 2‚îÇ1 2‚îÇ
‚îÇ3 4‚îÇ3 4‚îÇ3 4‚îÇ
‚îî‚îÄ‚îÄ‚îÄ‚î¥‚îÄ‚îÄ‚îÄ‚î¥‚îÄ‚îÄ‚îÄ‚îò
<Log> b'Event: User joined'
<Log> b"Event details: {'event_type': 3, 'time_stamp': 1624469522, 'id': 125839039, 'user_id': 470812, 'target_user_id': 470812, 'user_name': 'rak1507', 'room_id': 52405, 'room_name': 'The APL Orchard'}"
<Log> b'    @Ad\xc3\xa1m\n    VALUE ERROR: Undefined name: state\n           ]state\n           \xe2\x88\xa7'
@Ad&#225;m
VALUE ERROR: Undefined name: state
]state
‚àß
<Log> b'Event: User left'
<Log> b"Event details: {'event_type': 4, 'time_stamp': 1624469700, 'id': 125839086, 'user_id': 513713, 'target_user_id': 513713, 'user_name': '0xACE', 'room_id': 52405, 'room_name': 'The APL Orchard'}"
<Log> b'    @Ad\xc3\xa1m\n    VALUE ERROR: Undefined name: state\n          \xe2\x8e\x95\xe2\x86\x90]state\n            \xe2\x88\xa7'
@Ad&#225;m
VALUE ERROR: Undefined name: state
‚éï&larr;]state
‚àß
<Log> b"    @hyper-neutrino\n    hello\n    VALUE ERROR: Undefined name: state\n          \xe2\x8e\x95\xe2\x86\x90'hello' \xe2\x8b\x84 \xe2\x8b\x84 ]state\n                         \xe2\x88\xa7"
@hyper-neutrino
hello
VALUE ERROR: Undefined name: state
‚éï&larr;&#39;hello&#39; ‚ãÑ ‚ãÑ ]state
‚àß
^CException ignored in: <module 'threading' from '/usr/lib/python3.8/threading.py'>
Traceback (most recent call last):
  File "/usr/lib/python3.8/threading.py", line 1388, in _shutdown
    lock.acquire()
KeyboardInterrupt: 
hyper-neutrino@ubuntu:~/workspace/apl-bot$ ^C
hyper-neutrino@ubuntu:~/workspace/apl-bot$ [H[Jhyper-neutrino@ubuntu:~/workspace/apl-bot$ python3 aplbot.py 
<Log> b'--- NEW LOGIN ---'
Password for the encrypted credidentials ? 
<Log> b'Credidentials retrieved successfully'
<Log> b'Logging to SE - OK'
<Log> b'Loading SE profile - OK'
<Log> b'Got chat fkey : 2673154866a3f1d1e3a74874869dcd5d'
<Log> b'Login to the SE chat successful'
{"url":"wss://chat.sockets.stackexchange.com/events/1/f9c0d85547764b06835e8dcd9274655d"}
{"url":"wss://chat.sockets.stackexchange.com/events/52405/0e27d372e48047d793fe0235fc5bbbea"}
<Log> b'    @hyper-neutrino\n    Operating system is Debian GNU/Linux 10 (buster)\n    APL interpreter is 64-bit Dyalog 18.0.39712.0 Unicode\n    Server is Jarvis 1.8.5\n    TryAPL version is 3.4.5\n    Expressions may run for up to 10 seconds\n    Workspace used: 2 / 512 kilobytes'
@hyper-neutrino
Operating system is Debian GNU/Linux 10 (buster)
APL interpreter is 64-bit Dyalog 18.0.39712.0 Unicode
Server is Jarvis 1.8.5
TryAPL version is 3.4.5
Expressions may run for up to 10 seconds
Workspace used: 2 / 512 kilobytes
‚ãÑ]state
‚éï&larr;42
<Log> b'    @hyper-neutrino\n    Operating system is Debian GNU/Linux 10 (buster)\n    APL interpreter is 64-bit Dyalog 18.0.39712.0 Unicode\n    Server is Jarvis 1.8.5\n    TryAPL version is 3.4.5\n    Expressions may run for up to 10 seconds\n    Workspace used: 2 / 512 kilobytes'
‚ãÑ]state
‚éï&larr;42
<Log> b'    @hyper-neutrino\n    Operating system is Debian GNU/Linux 10 (buster)\n    APL interpreter is 64-bit Dyalog 18.0.39712.0 Unicode\n    Server is Jarvis 1.8.5\n    TryAPL version is 3.4.5\n    Expressions may run for up to 10 seconds\n    Workspace used: 2 / 512 kilobytes'
@hyper-neutrino
Operating system is Debian GNU/Linux 10 (buster)
APL interpreter is 64-bit Dyalog 18.0.39712.0 Unicode
Server is Jarvis 1.8.5
TryAPL version is 3.4.5
Expressions may run for up to 10 seconds
Workspace used: 2 / 512 kilobytes
‚ãÑ a&larr;3 ‚çù set a to 3
‚éï&larr;a   ‚çù print a
<Log> b':58424707 Response looks like a 0-by-0 matrix.'
^CException ignored in: <module 'threading' from '/usr/lib/python3.8/threading.py'>
Traceback (most recent call last):
  File "/usr/lib/python3.8/threading.py", line 1388, in _shutdown
    lock.acquire()
KeyboardInterrupt: 
hyper-neutrino@ubuntu:~/workspace/apl-bot$ ^C
hyper-neutrino@ubuntu:~/workspace/apl-bot$ [H[Jhyper-neutrino@ubuntu:~/workspace/apl-bot$ python3 aplbot.py 
<Log> b'--- NEW LOGIN ---'
Password for the encrypted credidentials ? 
<Log> b'Credidentials retrieved successfully'
<Log> b'Logging to SE - OK'
<Log> b'Loading SE profile - OK'
<Log> b'Got chat fkey : e95e46e9a823a64cd0eac3b16acf057f'
<Log> b'Login to the SE chat successful'
{"url":"wss://chat.sockets.stackexchange.com/events/1/3a2a179b98bb4d5e80a1db2adb889136"}
{"url":"wss://chat.sockets.stackexchange.com/events/52405/1088156dd3c74d0181b917c061eccbba"}
--- EXECUTING ---
‚éï‚Üê'test'
-----------------
<Log> b':58424718 `test`'
^CException ignored in: <module 'threading' from '/usr/lib/python3.8/threading.py'>
Traceback (most recent call last):
  File "/usr/lib/python3.8/threading.py", line 1388, in _shutdown
    lock.acquire()
KeyboardInterrupt: 
hyper-neutrino@ubuntu:~/workspace/apl-bot$ ^C
hyper-neutrino@ubuntu:~/workspace/apl-bot$ [H[Jhyper-neutrino@ubuntu:~/workspace/apl-bot$ python3 aplbot.py 
<Log> b'--- NEW LOGIN ---'
Password for the encrypted credidentials ? 
<Log> b'Bad password / corrupted file, try again.'
Password for the encrypted credidentials ? 
<Log> b'Credidentials retrieved successfully'
<Log> b'Logging to SE - OK'
<Log> b'Loading SE profile - OK'
<Log> b'Got chat fkey : 9639fc42811c4fc155242b1328a3d252'
<Log> b'Login to the SE chat successful'
{"url":"wss://chat.sockets.stackexchange.com/events/1/a82566365c6d4f2ba3003ad9842f8bc1"}
{"url":"wss://chat.sockets.stackexchange.com/events/52405/39ba33706f7d400e8b6c64831004b355"}
‚ãÑ a&larr;3 ‚çù set a to 3
‚éï&larr;a    ‚çù print a
--- EXECUTING ---
 a‚Üê3 ‚ãÑ‚éï‚Üêa    
-----------------
<Log> b':58424740 `3`'
--- EXECUTING ---
]help
-----------------
<Log> b':58424743 `\x08help\x08https://help.dyalog.com/18.0/index.htm`'
--- EXECUTING ---
]help ‚ç£
-----------------
<Log> b':58424750 `\x08help\x08https://help.dyalog.com/18.0/Content/Language/Symbols/DieresisStar.htm`'
<Log> b'Event: Message deleted'
<Log> b"Event details: {'event_type': 10, 'time_stamp': 1624470822, 'id': 125839543, 'user_id': 130368, 'user_name': 'Ad\xc3\xa1m', 'room_id': 52405, 'room_name': 'The APL Orchard', 'message_id': 58424788}"
<Log> b'Event: User joined'
<Log> b"Event details: {'event_type': 3, 'time_stamp': 1624470889, 'id': 125839559, 'user_id': 464678, 'target_user_id': 464678, 'user_name': 'Marshall', 'room_id': 52405, 'room_name': 'The APL Orchard'}"
<Log> b'Event: Message deleted'
<Log> b"Event details: {'event_type': 10, 'time_stamp': 1624471623, 'id': 125839794, 'user_id': 245191, 'user_name': 'RGS', 'room_id': 52405, 'room_name': 'The APL Orchard', 'message_id': 58424881}"
--- EXECUTING ---
]help 1200‚å∂
-----------------
<Log> b':58424898 `\x08help\x08https://help.dyalog.com/18.0/Content/Language/I%20Beam%20Functions/Format%20Datetime.htm`'
<Log> b'Event: User left'
<Log> b"Event details: {'event_type': 4, 'time_stamp': 1624472101, 'id': 125839988, 'user_id': 484177, 'target_user_id': 484177, 'user_name': 'Recursive Co.', 'room_id': 52405, 'room_name': 'The APL Orchard'}"
^CException ignored in: <module 'threading' from '/usr/lib/python3.8/threading.py'>
Traceback (most recent call last):
  File "/usr/lib/python3.8/threading.py", line 1388, in _shutdown
    lock.acquire()
KeyboardInterrupt: 
hyper-neutrino@ubuntu:~/workspace/apl-bot$ ^C
hyper-neutrino@ubuntu:~/workspace/apl-bot$ [H[Jhyper-neutrino@ubuntu:~/workspace/apl-bot$ python3 aplbot.py 
<Log> b'--- NEW LOGIN ---'
Password for the encrypted credidentials ? 
<Log> b'Credidentials retrieved successfully'
<Log> b'Logging to SE - OK'
<Log> b'Loading SE profile - OK'
<Log> b'Got chat fkey : 0ae2ed965260b16936f4f9326d9d0e4e'
<Log> b'Login to the SE chat successful'
{"url":"wss://chat.sockets.stackexchange.com/events/1/57b2a4a6d614442abd0f699fc7d61ed6"}
{"url":"wss://chat.sockets.stackexchange.com/events/52405/507d7ef39aa64310bebf1ef2aeb47db2"}
--- EXECUTING ---
]help 1200‚å∂
-----------------
<Log> b':58425007 https://help.dyalog.com/18.0/Content/Language/I%20Beam%20Functions/Format%20Datetime.htm'
--- EXECUTING ---
]help ‚ç£
-----------------
<Log> b':58425010 https://help.dyalog.com/18.0/Content/Language/Symbols/DieresisStar.htm'
--- EXECUTING ---
‚éïUCS 65 10 66
-----------------
<Log> b'    @Ad\xc3\xa1m\n    A\n    B'
@Ad&#225;m
A
B
^CException ignored in: <module 'threading' from '/usr/lib/python3.8/threading.py'>
Traceback (most recent call last):
  File "/usr/lib/python3.8/threading.py", line 1388, in _shutdown
    lock.acquire()
KeyboardInterrupt: 
hyper-neutrino@ubuntu:~/workspace/apl-bot$ ^C
hyper-neutrino@ubuntu:~/workspace/apl-bot$ [H[Jhyper-neutrino@ubuntu:~/workspace/apl-bot$ python3 aplbot.py 
<Log> b'--- NEW LOGIN ---'
Password for the encrypted credidentials ? 
<Log> b'Credidentials retrieved successfully'
<Log> b'Logging to SE - OK'
<Log> b'Loading SE profile - OK'
<Log> b'Got chat fkey : 089ee177879072c05380aa2c4275dc35'
<Log> b'Login to the SE chat successful'
{"url":"wss://chat.sockets.stackexchange.com/events/1/56e1b2b53afd439a9343ac80a26b8dfe"}
{"url":"wss://chat.sockets.stackexchange.com/events/52405/c26c21052d964ddbb41184c29b876604"}
--- EXECUTING ---
]help ‚ç£
-----------------
<Log> b':58425032 [help.dyalog.com/18.0/Content/Language/Symbols/DieresisStar.htm](https://help.dyalog.com/18.0/Content/Language/Symbols/DieresisStar.htm)'
--- EXECUTING ---
]help 1200‚å∂
-----------------
<Log> b':58425039 [help.dyalog.com/18.0/Content/Language/I%20Beam%20Functions/Format%20Datetime.htm](https://help.dyalog.com/18.0/Content/Language/I%20Beam%20Functions/Format%20Datetime.htm)'
^[[A^[[A^CException ignored in: <module 'threading' from '/usr/lib/python3.8/threading.py'>
Traceback (most recent call last):
  File "/usr/lib/python3.8/threading.py", line 1388, in _shutdown
    lock.acquire()
KeyboardInterrupt: 
hyper-neutrino@ubuntu:~/workspace/apl-bot$ ^C
hyper-neutrino@ubuntu:~/workspace/apl-bot$ [H[Jhyper-neutrino@ubuntu:~/workspace/apl-bot$ python3 aplbot.py 
<Log> b'--- NEW LOGIN ---'
Password for the encrypted credidentials ? 
<Log> b'Credidentials retrieved successfully'
<Log> b'Logging to SE - OK'
<Log> b'Loading SE profile - OK'
<Log> b'Got chat fkey : 62a60d97c8dafecc3550178e6be66c55'
<Log> b'Login to the SE chat successful'
{"url":"wss://chat.sockets.stackexchange.com/events/1/7343f98eb7c84817b9a9cfaab5daf745"}
{"url":"wss://chat.sockets.stackexchange.com/events/52405/28d4cad375014ec58dfdee6b2ff1d3a7"}
--- EXECUTING ---
]help 1200‚å∂
-----------------
<Log> b':58425071 [help.dyalog.com/18.0/Content/Language/I Beam Functions/Format Datetime.htm](https://help.dyalog.com/18.0/Content/Language/I%20Beam%20Functions/Format%20Datetime.htm)'
--- EXECUTING ---
]help 1200‚å∂
-----------------
<Log> b':58425074 [help.dyalog.com/18.0/Content/Language/I Beam Functions/Format Datetime.htm](https://help.dyalog.com/18.0/Content/Language/I%20Beam%20Functions/Format%20Datetime.htm)'
<Log> b'Event: User left'
<Log> b"Event details: {'event_type': 4, 'time_stamp': 1624473600, 'id': 125840511, 'user_id': 470812, 'target_user_id': 470812, 'user_name': 'rak1507', 'room_id': 52405, 'room_name': 'The APL Orchard'}"
<Log> b'Event: User joined'
<Log> b"Event details: {'event_type': 3, 'time_stamp': 1624473757, 'id': 125840603, 'user_id': 501108, 'target_user_id': 501108, 'user_name': 'aardwolf', 'room_id': 52405, 'room_name': 'The APL Orchard'}"
<Log> b'Event: User joined'
<Log> b"Event details: {'event_type': 3, 'time_stamp': 1624473917, 'id': 125840662, 'user_id': 499238, 'target_user_id': 499238, 'user_name': 'D M', 'room_id': 1, 'room_name': 'Sandbox'}"
--- EXECUTING ---
‚éï‚Üê2 2‚ç¥‚äÇ2 2‚ç¥‚äÇ2 2‚ç¥1 2 3 4
-----------------
<Log> b'    @hyper-neutrino\n    \xe2\x94\x8c\xe2\x94\x80\xe2\x94\x80\xe2\x94\x80\xe2\x94\x80\xe2\x94\x80\xe2\x94\x80\xe2\x94\x80\xe2\x94\x80\xe2\x94\x80\xe2\x94\xac\xe2\x94\x80\xe2\x94\x80\xe2\x94\x80\xe2\x94\x80\xe2\x94\x80\xe2\x94\x80\xe2\x94\x80\xe2\x94\x80\xe2\x94\x80\xe2\x94\x90\n    \xe2\x94\x82\xe2\x94\x8c\xe2\x94\x80\xe2\x94\x80\xe2\x94\x80\xe2\x94\xac\xe2\x94\x80\xe2\x94\x80\xe2\x94\x80\xe2\x94\x90\xe2\x94\x82\xe2\x94\x8c\xe2\x94\x80\xe2\x94\x80\xe2\x94\x80\xe2\x94\xac\xe2\x94\x80\xe2\x94\x80\xe2\x94\x80\xe2\x94\x90\xe2\x94\x82\n    \xe2\x94\x82\xe2\x94\x821 2\xe2\x94\x821 2\xe2\x94\x82\xe2\x94\x82\xe2\x94\x821 2\xe2\x94\x821 2\xe2\x94\x82\xe2\x94\x82\n    \xe2\x94\x82\xe2\x94\x823 4\xe2\x94\x823 4\xe2\x94\x82\xe2\x94\x82\xe2\x94\x823 4\xe2\x94\x823 4\xe2\x94\x82\xe2\x94\x82\n    \xe2\x94\x82\xe2\x94\x9c\xe2\x94\x80\xe2\x94\x80\xe2\x94\x80\xe2\x94\xbc\xe2\x94\x80\xe2\x94\x80\xe2\x94\x80\xe2\x94\xa4\xe2\x94\x82\xe2\x94\x9c\xe2\x94\x80\xe2\x94\x80\xe2\x94\x80\xe2\x94\xbc\xe2\x94\x80\xe2\x94\x80\xe2\x94\x80\xe2\x94\xa4\xe2\x94\x82\n    \xe2\x94\x82\xe2\x94\x821 2\xe2\x94\x821 2\xe2\x94\x82\xe2\x94\x82\xe2\x94\x821 2\xe2\x94\x821 2\xe2\x94\x82\xe2\x94\x82\n    \xe2\x94\x82\xe2\x94\x823 4\xe2\x94\x823 4\xe2\x94\x82\xe2\x94\x82\xe2\x94\x823 4\xe2\x94\x823 4\xe2\x94\x82\xe2\x94\x82\n    \xe2\x94\x82\xe2\x94\x94\xe2\x94\x80\xe2\x94\x80\xe2\x94\x80\xe2\x94\xb4\xe2\x94\x80\xe2\x94\x80\xe2\x94\x80\xe2\x94\x98\xe2\x94\x82\xe2\x94\x94\xe2\x94\x80\xe2\x94\x80\xe2\x94\x80\xe2\x94\xb4\xe2\x94\x80\xe2\x94\x80\xe2\x94\x80\xe2\x94\x98\xe2\x94\x82\n    \xe2\x94\x9c\xe2\x94\x80\xe2\x94\x80\xe2\x94\x80\xe2\x94\x80\xe2\x94\x80\xe2\x94\x80\xe2\x94\x80\xe2\x94\x80\xe2\x94\x80\xe2\x94\xbc\xe2\x94\x80\xe2\x94\x80\xe2\x94\x80\xe2\x94\x80\xe2\x94\x80\xe2\x94\x80\xe2\x94\x80\xe2\x94\x80\xe2\x94\x80\xe2\x94\xa4\n    \xe2\x94\x82\xe2\x94\x8c\xe2\x94\x80\xe2\x94\x80\xe2\x94\x80\xe2\x94\xac\xe2\x94\x80\xe2\x94\x80\xe2\x94\x80\xe2\x94\x90\xe2\x94\x82\xe2\x94\x8c\xe2\x94\x80\xe2\x94\x80\xe2\x94\x80\xe2\x94\xac\xe2\x94\x80\xe2\x94\x80\xe2\x94\x80\xe2\x94\x90\xe2\x94\x82\n    \xe2\x94\x82\xe2\x94\x821 2\xe2\x94\x821 2\xe2\x94\x82\xe2\x94\x82\xe2\x94\x821 2\xe2\x94\x821 2\xe2\x94\x82\xe2\x94\x82\n    \xe2\x94\x82\xe2\x94\x823 4\xe2\x94\x823 4\xe2\x94\x82\xe2\x94\x82\xe2\x94\x823 4\xe2\x94\x823 4\xe2\x94\x82\xe2\x94\x82\n    \xe2\x94\x82\xe2\x94\x9c\xe2\x94\x80\xe2\x94\x80\xe2\x94\x80\xe2\x94\xbc\xe2\x94\x80\xe2\x94\x80\xe2\x94\x80\xe2\x94\xa4\xe2\x94\x82\xe2\x94\x9c\xe2\x94\x80\xe2\x94\x80\xe2\x94\x80\xe2\x94\xbc\xe2\x94\x80\xe2\x94\x80\xe2\x94\x80\xe2\x94\xa4\xe2\x94\x82\n    \xe2\x94\x82\xe2\x94\x821 2\xe2\x94\x821 2\xe2\x94\x82\xe2\x94\x82\xe2\x94\x821 2\xe2\x94\x821 2\xe2\x94\x82\xe2\x94\x82\n    \xe2\x94\x82\xe2\x94\x823 4\xe2\x94\x823 4\xe2\x94\x82\xe2\x94\x82\xe2\x94\x823 4\xe2\x94\x823 4\xe2\x94\x82\xe2\x94\x82\n    \xe2\x94\x82\xe2\x94\x94\xe2\x94\x80\xe2\x94\x80\xe2\x94\x80\xe2\x94\xb4\xe2\x94\x80\xe2\x94\x80\xe2\x94\x80\xe2\x94\x98\xe2\x94\x82\xe2\x94\x94\xe2\x94\x80\xe2\x94\x80\xe2\x94\x80\xe2\x94\xb4\xe2\x94\x80\xe2\x94\x80\xe2\x94\x80\xe2\x94\x98\xe2\x94\x82\n    \xe2\x94\x94\xe2\x94\x80\xe2\x94\x80\xe2\x94\x80\xe2\x94\x80\xe2\x94\x80\xe2\x94\x80\xe2\x94\x80\xe2\x94\x80\xe2\x94\x80\xe2\x94\xb4\xe2\x94\x80\xe2\x94\x80\xe2\x94\x80\xe2\x94\x80\xe2\x94\x80\xe2\x94\x80\xe2\x94\x80\xe2\x94\x80\xe2\x94\x80\xe2\x94\x98'
@hyper-neutrino
‚îå‚îÄ‚îÄ‚îÄ‚îÄ‚îÄ‚îÄ‚îÄ‚îÄ‚îÄ‚î¨‚îÄ‚îÄ‚îÄ‚îÄ‚îÄ‚îÄ‚îÄ‚îÄ‚îÄ‚îê
‚îÇ‚îå‚îÄ‚îÄ‚îÄ‚î¨‚îÄ‚îÄ‚îÄ‚îê‚îÇ‚îå‚îÄ‚îÄ‚îÄ‚î¨‚îÄ‚îÄ‚îÄ‚îê‚îÇ
‚îÇ‚îÇ1 2‚îÇ1 2‚îÇ‚îÇ‚îÇ1 2‚îÇ1 2‚îÇ‚îÇ
‚îÇ‚îÇ3 4‚îÇ3 4‚îÇ‚îÇ‚îÇ3 4‚îÇ3 4‚îÇ‚îÇ
‚îÇ‚îú‚îÄ‚îÄ‚îÄ‚îº‚îÄ‚îÄ‚îÄ‚î§‚îÇ‚îú‚îÄ‚îÄ‚îÄ‚îº‚îÄ‚îÄ‚îÄ‚î§‚îÇ
‚îÇ‚îÇ1 2‚îÇ1 2‚îÇ‚îÇ‚îÇ1 2‚îÇ1 2‚îÇ‚îÇ
‚îÇ‚îÇ3 4‚îÇ3 4‚îÇ‚îÇ‚îÇ3 4‚îÇ3 4‚îÇ‚îÇ
‚îÇ‚îî‚îÄ‚îÄ‚îÄ‚î¥‚îÄ‚îÄ‚îÄ‚îò‚îÇ‚îî‚îÄ‚îÄ‚îÄ‚î¥‚îÄ‚îÄ‚îÄ‚îò‚îÇ
‚îú‚îÄ‚îÄ‚îÄ‚îÄ‚îÄ‚îÄ‚îÄ‚îÄ‚îÄ‚îº‚îÄ‚îÄ‚îÄ‚îÄ‚îÄ‚îÄ‚îÄ‚îÄ‚îÄ‚î§
‚îÇ‚îå‚îÄ‚îÄ‚îÄ‚î¨‚îÄ‚îÄ‚îÄ‚îê‚îÇ‚îå‚îÄ‚îÄ‚îÄ‚î¨‚îÄ‚îÄ‚îÄ‚îê‚îÇ
‚îÇ‚îÇ1 2‚îÇ1 2‚îÇ‚îÇ‚îÇ1 2‚îÇ1 2‚îÇ‚îÇ
‚îÇ‚îÇ3 4‚îÇ3 4‚îÇ‚îÇ‚îÇ3 4‚îÇ3 4‚îÇ‚îÇ
‚îÇ‚îú‚îÄ‚îÄ‚îÄ‚îº‚îÄ‚îÄ‚îÄ‚î§‚îÇ‚îú‚îÄ‚îÄ‚îÄ‚îº‚îÄ‚îÄ‚îÄ‚î§‚îÇ
‚îÇ‚îÇ1 2‚îÇ1 2‚îÇ‚îÇ‚îÇ1 2‚îÇ1 2‚îÇ‚îÇ
‚îÇ‚îÇ3 4‚îÇ3 4‚îÇ‚îÇ‚îÇ3 4‚îÇ3 4‚îÇ‚îÇ
‚îÇ‚îî‚îÄ‚îÄ‚îÄ‚î¥‚îÄ‚îÄ‚îÄ‚îò‚îÇ‚îî‚îÄ‚îÄ‚îÄ‚î¥‚îÄ‚îÄ‚îÄ‚îò‚îÇ
‚îî‚îÄ‚îÄ‚îÄ‚îÄ‚îÄ‚îÄ‚îÄ‚îÄ‚îÄ‚î¥‚îÄ‚îÄ‚îÄ‚îÄ‚îÄ‚îÄ‚îÄ‚îÄ‚îÄ‚îò
<Log> b'Event: User left'
<Log> b"Event details: {'event_type': 4, 'time_stamp': 1624474183, 'id': 125840742, 'user_id': 499238, 'target_user_id': 499238, 'user_name': 'D M', 'room_id': 1, 'room_name': 'Sandbox'}"
<Log> b'Event: User joined'
<Log> b"Event details: {'event_type': 3, 'time_stamp': 1624474183, 'id': 125840743, 'user_id': 499238, 'target_user_id': 499238, 'user_name': 'D M', 'room_id': 1, 'room_name': 'Sandbox'}"
<Log> b'Event: User joined'
<Log> b"Event details: {'event_type': 3, 'time_stamp': 1624474213, 'id': 125840803, 'user_id': 468262, 'target_user_id': 468262, 'user_name': 'user', 'room_id': 52405, 'room_name': 'The APL Orchard'}"
